{"timestamp":"2025-12-04T15:06:41.667772Z","level":"info","event":"DAG bundles loaded: dags-folder, example_dags","logger":"airflow.dag_processing.bundles.manager.DagBundlesManager","filename":"manager.py","lineno":179}
{"timestamp":"2025-12-04T15:06:41.669180Z","level":"info","event":"Filling up the DagBag from /opt/airflow/dags/app.py","logger":"airflow.models.dagbag.DagBag","filename":"dagbag.py","lineno":593}
{"timestamp":"2025-12-04T15:06:41.709452Z","level":"warning","event":"The `airflow.operators.python.BranchPythonOperator` attribute is deprecated. Please use `'airflow.providers.standard.operators.python.BranchPythonOperator'`.","category":"DeprecatedImportWarning","filename":"/opt/airflow/dags/app.py","lineno":2,"logger":"py.warnings"}
{"timestamp":"2025-12-04T15:06:41.709610Z","level":"warning","event":"The `airflow.operators.empty.EmptyOperator` attribute is deprecated. Please use `'airflow.providers.standard.operators.empty.EmptyOperator'`.","category":"DeprecatedImportWarning","filename":"/opt/airflow/dags/app.py","lineno":3,"logger":"py.warnings"}
{"timestamp":"2025-12-04T15:06:41.732532Z","level":"info","event":"Task instance is in running state","logger":"task.stdout"}
{"timestamp":"2025-12-04T15:06:41.733442Z","level":"info","event":" Previous state of the Task instance: TaskInstanceState.QUEUED","logger":"task.stdout"}
{"timestamp":"2025-12-04T15:06:41.733973Z","level":"info","event":"Current task name:insert_currency_data","logger":"task.stdout"}
{"timestamp":"2025-12-04T15:06:41.734303Z","level":"info","event":"Dag name:extract_and_load_currency_data","logger":"task.stdout"}
{"timestamp":"2025-12-04T15:06:41.767261Z","level":"warning","event":"This setter is for backward compatibility and should not be used.\nSince the introduction of connection property, the providers listed below breaks due to assigning value to self.connection in their __init__ method.\n* apache-airflow-providers-mysql<5.7.1\n* apache-airflow-providers-elasticsearch<5.5.1\n* apache-airflow-providers-postgres<5.13.0","logger":"airflow.task.hooks.airflow.providers.postgres.hooks.postgres.PostgresHook","filename":"sql.py","lineno":249}
{"timestamp":"2025-12-04T15:06:41.812450Z","level":"info","event":"Running statement: SELECT COUNT(*) FROM inr_currency WHERE date = %s;, parameters: ('2025-12-04',)","logger":"airflow.task.hooks.airflow.providers.postgres.hooks.postgres.PostgresHook","filename":"sql.py","lineno":810}
{"timestamp":"2025-12-04T15:06:41.818403Z","level":"info","event":"Rows affected: 1","logger":"airflow.task.hooks.airflow.providers.postgres.hooks.postgres.PostgresHook","filename":"sql.py","lineno":822}
{"timestamp":"2025-12-04T15:06:41.868304Z","level":"info","event":"Running statement: \n    INSERT INTO inr_currency (date, currency_code, rate, inverse_rate)\n    VALUES (%s, %s, %s, %s);\n    , parameters: ('2025-12-04', 'AUD', 0.0168, 59.523809523809526)","logger":"airflow.task.hooks.airflow.providers.postgres.hooks.postgres.PostgresHook","filename":"sql.py","lineno":810}
{"timestamp":"2025-12-04T15:06:41.874631Z","level":"info","event":"Rows affected: 1","logger":"airflow.task.hooks.airflow.providers.postgres.hooks.postgres.PostgresHook","filename":"sql.py","lineno":822}
{"timestamp":"2025-12-04T15:06:41.926765Z","level":"info","event":"Running statement: \n    INSERT INTO inr_currency (date, currency_code, rate, inverse_rate)\n    VALUES (%s, %s, %s, %s);\n    , parameters: ('2025-12-04', 'BGN', 0.0186, 53.763440860215056)","logger":"airflow.task.hooks.airflow.providers.postgres.hooks.postgres.PostgresHook","filename":"sql.py","lineno":810}
{"timestamp":"2025-12-04T15:06:41.930137Z","level":"info","event":"Rows affected: 1","logger":"airflow.task.hooks.airflow.providers.postgres.hooks.postgres.PostgresHook","filename":"sql.py","lineno":822}
{"timestamp":"2025-12-04T15:06:41.976786Z","level":"info","event":"Running statement: \n    INSERT INTO inr_currency (date, currency_code, rate, inverse_rate)\n    VALUES (%s, %s, %s, %s);\n    , parameters: ('2025-12-04', 'BRL', 0.059, 16.949152542372882)","logger":"airflow.task.hooks.airflow.providers.postgres.hooks.postgres.PostgresHook","filename":"sql.py","lineno":810}
{"timestamp":"2025-12-04T15:06:41.980003Z","level":"info","event":"Rows affected: 1","logger":"airflow.task.hooks.airflow.providers.postgres.hooks.postgres.PostgresHook","filename":"sql.py","lineno":822}
{"timestamp":"2025-12-04T15:06:42.025618Z","level":"info","event":"Running statement: \n    INSERT INTO inr_currency (date, currency_code, rate, inverse_rate)\n    VALUES (%s, %s, %s, %s);\n    , parameters: ('2025-12-04', 'CAD', 0.0155, 64.51612903225806)","logger":"airflow.task.hooks.airflow.providers.postgres.hooks.postgres.PostgresHook","filename":"sql.py","lineno":810}
{"timestamp":"2025-12-04T15:06:42.028691Z","level":"info","event":"Rows affected: 1","logger":"airflow.task.hooks.airflow.providers.postgres.hooks.postgres.PostgresHook","filename":"sql.py","lineno":822}
{"timestamp":"2025-12-04T15:06:42.171371Z","level":"info","event":"Running statement: \n    INSERT INTO inr_currency (date, currency_code, rate, inverse_rate)\n    VALUES (%s, %s, %s, %s);\n    , parameters: ('2025-12-04', 'CHF', 0.0089, 112.35955056179776)","logger":"airflow.task.hooks.airflow.providers.postgres.hooks.postgres.PostgresHook","filename":"sql.py","lineno":810}
{"timestamp":"2025-12-04T15:06:42.174672Z","level":"info","event":"Rows affected: 1","logger":"airflow.task.hooks.airflow.providers.postgres.hooks.postgres.PostgresHook","filename":"sql.py","lineno":822}
{"timestamp":"2025-12-04T15:06:42.216534Z","level":"info","event":"Running statement: \n    INSERT INTO inr_currency (date, currency_code, rate, inverse_rate)\n    VALUES (%s, %s, %s, %s);\n    , parameters: ('2025-12-04', 'CNY', 0.0783, 12.77139208173691)","logger":"airflow.task.hooks.airflow.providers.postgres.hooks.postgres.PostgresHook","filename":"sql.py","lineno":810}
{"timestamp":"2025-12-04T15:06:42.219382Z","level":"info","event":"Rows affected: 1","logger":"airflow.task.hooks.airflow.providers.postgres.hooks.postgres.PostgresHook","filename":"sql.py","lineno":822}
{"timestamp":"2025-12-04T15:06:42.260162Z","level":"info","event":"Running statement: \n    INSERT INTO inr_currency (date, currency_code, rate, inverse_rate)\n    VALUES (%s, %s, %s, %s);\n    , parameters: ('2025-12-04', 'CZK', 0.2293, 4.361098996947231)","logger":"airflow.task.hooks.airflow.providers.postgres.hooks.postgres.PostgresHook","filename":"sql.py","lineno":810}
{"timestamp":"2025-12-04T15:06:42.263054Z","level":"info","event":"Rows affected: 1","logger":"airflow.task.hooks.airflow.providers.postgres.hooks.postgres.PostgresHook","filename":"sql.py","lineno":822}
{"timestamp":"2025-12-04T15:06:42.303933Z","level":"info","event":"Running statement: \n    INSERT INTO inr_currency (date, currency_code, rate, inverse_rate)\n    VALUES (%s, %s, %s, %s);\n    , parameters: ('2025-12-04', 'DKK', 0.071, 14.084507042253522)","logger":"airflow.task.hooks.airflow.providers.postgres.hooks.postgres.PostgresHook","filename":"sql.py","lineno":810}
{"timestamp":"2025-12-04T15:06:42.307049Z","level":"info","event":"Rows affected: 1","logger":"airflow.task.hooks.airflow.providers.postgres.hooks.postgres.PostgresHook","filename":"sql.py","lineno":822}
{"timestamp":"2025-12-04T15:06:42.457847Z","level":"info","event":"Running statement: \n    INSERT INTO inr_currency (date, currency_code, rate, inverse_rate)\n    VALUES (%s, %s, %s, %s);\n    , parameters: ('2025-12-04', 'EUR', 0.0095, 105.26315789473685)","logger":"airflow.task.hooks.airflow.providers.postgres.hooks.postgres.PostgresHook","filename":"sql.py","lineno":810}
{"timestamp":"2025-12-04T15:06:42.460554Z","level":"info","event":"Rows affected: 1","logger":"airflow.task.hooks.airflow.providers.postgres.hooks.postgres.PostgresHook","filename":"sql.py","lineno":822}
{"timestamp":"2025-12-04T15:06:42.504613Z","level":"info","event":"Running statement: \n    INSERT INTO inr_currency (date, currency_code, rate, inverse_rate)\n    VALUES (%s, %s, %s, %s);\n    , parameters: ('2025-12-04', 'GBP', 0.0083, 120.48192771084337)","logger":"airflow.task.hooks.airflow.providers.postgres.hooks.postgres.PostgresHook","filename":"sql.py","lineno":810}
{"timestamp":"2025-12-04T15:06:42.507495Z","level":"info","event":"Rows affected: 1","logger":"airflow.task.hooks.airflow.providers.postgres.hooks.postgres.PostgresHook","filename":"sql.py","lineno":822}
{"timestamp":"2025-12-04T15:06:42.555130Z","level":"info","event":"Running statement: \n    INSERT INTO inr_currency (date, currency_code, rate, inverse_rate)\n    VALUES (%s, %s, %s, %s);\n    , parameters: ('2025-12-04', 'HKD', 0.0863, 11.587485515643106)","logger":"airflow.task.hooks.airflow.providers.postgres.hooks.postgres.PostgresHook","filename":"sql.py","lineno":810}
{"timestamp":"2025-12-04T15:06:42.558672Z","level":"info","event":"Rows affected: 1","logger":"airflow.task.hooks.airflow.providers.postgres.hooks.postgres.PostgresHook","filename":"sql.py","lineno":822}
{"timestamp":"2025-12-04T15:06:42.606244Z","level":"info","event":"Running statement: \n    INSERT INTO inr_currency (date, currency_code, rate, inverse_rate)\n    VALUES (%s, %s, %s, %s);\n    , parameters: ('2025-12-04', 'HUF', 3.6214, 0.2761363008781134)","logger":"airflow.task.hooks.airflow.providers.postgres.hooks.postgres.PostgresHook","filename":"sql.py","lineno":810}
{"timestamp":"2025-12-04T15:06:42.608835Z","level":"info","event":"Rows affected: 1","logger":"airflow.task.hooks.airflow.providers.postgres.hooks.postgres.PostgresHook","filename":"sql.py","lineno":822}
{"timestamp":"2025-12-04T15:06:42.651331Z","level":"info","event":"Running statement: \n    INSERT INTO inr_currency (date, currency_code, rate, inverse_rate)\n    VALUES (%s, %s, %s, %s);\n    , parameters: ('2025-12-04', 'IDR', 184.3568, 0.005424264252796751)","logger":"airflow.task.hooks.airflow.providers.postgres.hooks.postgres.PostgresHook","filename":"sql.py","lineno":810}
{"timestamp":"2025-12-04T15:06:42.654045Z","level":"info","event":"Rows affected: 1","logger":"airflow.task.hooks.airflow.providers.postgres.hooks.postgres.PostgresHook","filename":"sql.py","lineno":822}
{"timestamp":"2025-12-04T15:06:42.696811Z","level":"info","event":"Running statement: \n    INSERT INTO inr_currency (date, currency_code, rate, inverse_rate)\n    VALUES (%s, %s, %s, %s);\n    , parameters: ('2025-12-04', 'ILS', 0.0358, 27.932960893854748)","logger":"airflow.task.hooks.airflow.providers.postgres.hooks.postgres.PostgresHook","filename":"sql.py","lineno":810}
{"timestamp":"2025-12-04T15:06:42.699861Z","level":"info","event":"Rows affected: 1","logger":"airflow.task.hooks.airflow.providers.postgres.hooks.postgres.PostgresHook","filename":"sql.py","lineno":822}
{"timestamp":"2025-12-04T15:06:42.744171Z","level":"info","event":"Running statement: \n    INSERT INTO inr_currency (date, currency_code, rate, inverse_rate)\n    VALUES (%s, %s, %s, %s);\n    , parameters: ('2025-12-04', 'INR', 1.0, 1.0)","logger":"airflow.task.hooks.airflow.providers.postgres.hooks.postgres.PostgresHook","filename":"sql.py","lineno":810}
{"timestamp":"2025-12-04T15:06:42.747426Z","level":"info","event":"Rows affected: 1","logger":"airflow.task.hooks.airflow.providers.postgres.hooks.postgres.PostgresHook","filename":"sql.py","lineno":822}
{"timestamp":"2025-12-04T15:06:42.787824Z","level":"info","event":"Running statement: \n    INSERT INTO inr_currency (date, currency_code, rate, inverse_rate)\n    VALUES (%s, %s, %s, %s);\n    , parameters: ('2025-12-04', 'ISK', 1.4162, 0.7061149555147579)","logger":"airflow.task.hooks.airflow.providers.postgres.hooks.postgres.PostgresHook","filename":"sql.py","lineno":810}
{"timestamp":"2025-12-04T15:06:42.790349Z","level":"info","event":"Rows affected: 1","logger":"airflow.task.hooks.airflow.providers.postgres.hooks.postgres.PostgresHook","filename":"sql.py","lineno":822}
{"timestamp":"2025-12-04T15:06:42.835909Z","level":"info","event":"Running statement: \n    INSERT INTO inr_currency (date, currency_code, rate, inverse_rate)\n    VALUES (%s, %s, %s, %s);\n    , parameters: ('2025-12-04', 'JPY', 1.7231, 0.5803493703209331)","logger":"airflow.task.hooks.airflow.providers.postgres.hooks.postgres.PostgresHook","filename":"sql.py","lineno":810}
{"timestamp":"2025-12-04T15:06:42.839153Z","level":"info","event":"Rows affected: 1","logger":"airflow.task.hooks.airflow.providers.postgres.hooks.postgres.PostgresHook","filename":"sql.py","lineno":822}
{"timestamp":"2025-12-04T15:06:42.883735Z","level":"info","event":"Running statement: \n    INSERT INTO inr_currency (date, currency_code, rate, inverse_rate)\n    VALUES (%s, %s, %s, %s);\n    , parameters: ('2025-12-04', 'KRW', 16.242, 0.061568772318679965)","logger":"airflow.task.hooks.airflow.providers.postgres.hooks.postgres.PostgresHook","filename":"sql.py","lineno":810}
{"timestamp":"2025-12-04T15:06:42.886373Z","level":"info","event":"Rows affected: 1","logger":"airflow.task.hooks.airflow.providers.postgres.hooks.postgres.PostgresHook","filename":"sql.py","lineno":822}
{"timestamp":"2025-12-04T15:06:42.929258Z","level":"info","event":"Running statement: \n    INSERT INTO inr_currency (date, currency_code, rate, inverse_rate)\n    VALUES (%s, %s, %s, %s);\n    , parameters: ('2025-12-04', 'MXN', 0.2024, 4.940711462450593)","logger":"airflow.task.hooks.airflow.providers.postgres.hooks.postgres.PostgresHook","filename":"sql.py","lineno":810}
{"timestamp":"2025-12-04T15:06:42.932060Z","level":"info","event":"Rows affected: 1","logger":"airflow.task.hooks.airflow.providers.postgres.hooks.postgres.PostgresHook","filename":"sql.py","lineno":822}
{"timestamp":"2025-12-04T15:06:42.975485Z","level":"info","event":"Running statement: \n    INSERT INTO inr_currency (date, currency_code, rate, inverse_rate)\n    VALUES (%s, %s, %s, %s);\n    , parameters: ('2025-12-04', 'MYR', 0.0457, 21.88183807439825)","logger":"airflow.task.hooks.airflow.providers.postgres.hooks.postgres.PostgresHook","filename":"sql.py","lineno":810}
{"timestamp":"2025-12-04T15:06:42.978316Z","level":"info","event":"Rows affected: 1","logger":"airflow.task.hooks.airflow.providers.postgres.hooks.postgres.PostgresHook","filename":"sql.py","lineno":822}
{"timestamp":"2025-12-04T15:06:43.019402Z","level":"info","event":"Running statement: \n    INSERT INTO inr_currency (date, currency_code, rate, inverse_rate)\n    VALUES (%s, %s, %s, %s);\n    , parameters: ('2025-12-04', 'NOK', 0.1118, 8.94454382826476)","logger":"airflow.task.hooks.airflow.providers.postgres.hooks.postgres.PostgresHook","filename":"sql.py","lineno":810}
{"timestamp":"2025-12-04T15:06:43.022751Z","level":"info","event":"Rows affected: 1","logger":"airflow.task.hooks.airflow.providers.postgres.hooks.postgres.PostgresHook","filename":"sql.py","lineno":822}
{"timestamp":"2025-12-04T15:06:43.066151Z","level":"info","event":"Running statement: \n    INSERT INTO inr_currency (date, currency_code, rate, inverse_rate)\n    VALUES (%s, %s, %s, %s);\n    , parameters: ('2025-12-04', 'NZD', 0.0193, 51.81347150259067)","logger":"airflow.task.hooks.airflow.providers.postgres.hooks.postgres.PostgresHook","filename":"sql.py","lineno":810}
{"timestamp":"2025-12-04T15:06:43.069776Z","level":"info","event":"Rows affected: 1","logger":"airflow.task.hooks.airflow.providers.postgres.hooks.postgres.PostgresHook","filename":"sql.py","lineno":822}
{"timestamp":"2025-12-04T15:06:43.114408Z","level":"info","event":"Running statement: \n    INSERT INTO inr_currency (date, currency_code, rate, inverse_rate)\n    VALUES (%s, %s, %s, %s);\n    , parameters: ('2025-12-04', 'PHP', 0.6539, 1.5292858235204159)","logger":"airflow.task.hooks.airflow.providers.postgres.hooks.postgres.PostgresHook","filename":"sql.py","lineno":810}
{"timestamp":"2025-12-04T15:06:43.117442Z","level":"info","event":"Rows affected: 1","logger":"airflow.task.hooks.airflow.providers.postgres.hooks.postgres.PostgresHook","filename":"sql.py","lineno":822}
{"timestamp":"2025-12-04T15:06:43.160406Z","level":"info","event":"Running statement: \n    INSERT INTO inr_currency (date, currency_code, rate, inverse_rate)\n    VALUES (%s, %s, %s, %s);\n    , parameters: ('2025-12-04', 'PLN', 0.0402, 24.875621890547265)","logger":"airflow.task.hooks.airflow.providers.postgres.hooks.postgres.PostgresHook","filename":"sql.py","lineno":810}
{"timestamp":"2025-12-04T15:06:43.162943Z","level":"info","event":"Rows affected: 1","logger":"airflow.task.hooks.airflow.providers.postgres.hooks.postgres.PostgresHook","filename":"sql.py","lineno":822}
{"timestamp":"2025-12-04T15:06:43.206161Z","level":"info","event":"Running statement: \n    INSERT INTO inr_currency (date, currency_code, rate, inverse_rate)\n    VALUES (%s, %s, %s, %s);\n    , parameters: ('2025-12-04', 'RON', 0.0484, 20.66115702479339)","logger":"airflow.task.hooks.airflow.providers.postgres.hooks.postgres.PostgresHook","filename":"sql.py","lineno":810}
{"timestamp":"2025-12-04T15:06:43.208645Z","level":"info","event":"Rows affected: 1","logger":"airflow.task.hooks.airflow.providers.postgres.hooks.postgres.PostgresHook","filename":"sql.py","lineno":822}
{"timestamp":"2025-12-04T15:06:43.355987Z","level":"info","event":"Running statement: \n    INSERT INTO inr_currency (date, currency_code, rate, inverse_rate)\n    VALUES (%s, %s, %s, %s);\n    , parameters: ('2025-12-04', 'SEK', 0.1041, 9.606147934678194)","logger":"airflow.task.hooks.airflow.providers.postgres.hooks.postgres.PostgresHook","filename":"sql.py","lineno":810}
{"timestamp":"2025-12-04T15:06:43.358899Z","level":"info","event":"Rows affected: 1","logger":"airflow.task.hooks.airflow.providers.postgres.hooks.postgres.PostgresHook","filename":"sql.py","lineno":822}
{"timestamp":"2025-12-04T15:06:43.494934Z","level":"info","event":"Running statement: \n    INSERT INTO inr_currency (date, currency_code, rate, inverse_rate)\n    VALUES (%s, %s, %s, %s);\n    , parameters: ('2025-12-04', 'SGD', 0.0144, 69.44444444444444)","logger":"airflow.task.hooks.airflow.providers.postgres.hooks.postgres.PostgresHook","filename":"sql.py","lineno":810}
{"timestamp":"2025-12-04T15:06:43.497754Z","level":"info","event":"Rows affected: 1","logger":"airflow.task.hooks.airflow.providers.postgres.hooks.postgres.PostgresHook","filename":"sql.py","lineno":822}
{"timestamp":"2025-12-04T15:06:43.535399Z","level":"info","event":"Running statement: \n    INSERT INTO inr_currency (date, currency_code, rate, inverse_rate)\n    VALUES (%s, %s, %s, %s);\n    , parameters: ('2025-12-04', 'THB', 0.3537, 2.827254735651682)","logger":"airflow.task.hooks.airflow.providers.postgres.hooks.postgres.PostgresHook","filename":"sql.py","lineno":810}
{"timestamp":"2025-12-04T15:06:43.538316Z","level":"info","event":"Rows affected: 1","logger":"airflow.task.hooks.airflow.providers.postgres.hooks.postgres.PostgresHook","filename":"sql.py","lineno":822}
{"timestamp":"2025-12-04T15:06:43.580730Z","level":"info","event":"Running statement: \n    INSERT INTO inr_currency (date, currency_code, rate, inverse_rate)\n    VALUES (%s, %s, %s, %s);\n    , parameters: ('2025-12-04', 'TRY', 0.4707, 2.1244954323348204)","logger":"airflow.task.hooks.airflow.providers.postgres.hooks.postgres.PostgresHook","filename":"sql.py","lineno":810}
{"timestamp":"2025-12-04T15:06:43.583498Z","level":"info","event":"Rows affected: 1","logger":"airflow.task.hooks.airflow.providers.postgres.hooks.postgres.PostgresHook","filename":"sql.py","lineno":822}
{"timestamp":"2025-12-04T15:06:43.623791Z","level":"info","event":"Running statement: \n    INSERT INTO inr_currency (date, currency_code, rate, inverse_rate)\n    VALUES (%s, %s, %s, %s);\n    , parameters: ('2025-12-04', 'USD', 0.0111, 90.09009009009009)","logger":"airflow.task.hooks.airflow.providers.postgres.hooks.postgres.PostgresHook","filename":"sql.py","lineno":810}
{"timestamp":"2025-12-04T15:06:43.627266Z","level":"info","event":"Rows affected: 1","logger":"airflow.task.hooks.airflow.providers.postgres.hooks.postgres.PostgresHook","filename":"sql.py","lineno":822}
{"timestamp":"2025-12-04T15:06:43.669573Z","level":"info","event":"Running statement: \n    INSERT INTO inr_currency (date, currency_code, rate, inverse_rate)\n    VALUES (%s, %s, %s, %s);\n    , parameters: ('2025-12-04', 'ZAR', 0.1894, 5.279831045406547)","logger":"airflow.task.hooks.airflow.providers.postgres.hooks.postgres.PostgresHook","filename":"sql.py","lineno":810}
{"timestamp":"2025-12-04T15:06:43.672162Z","level":"info","event":"Rows affected: 1","logger":"airflow.task.hooks.airflow.providers.postgres.hooks.postgres.PostgresHook","filename":"sql.py","lineno":822}
{"timestamp":"2025-12-04T15:06:43.673901Z","level":"info","event":"Done. Returned value was: None","logger":"airflow.task.operators.airflow.providers.standard.operators.python.PythonOperator","filename":"python.py","lineno":215}
{"timestamp":"2025-12-04T15:06:43.691897Z","level":"info","event":"Task instance in success state","logger":"task.stdout"}
{"timestamp":"2025-12-04T15:06:43.692267Z","level":"info","event":" Previous state of the Task instance: TaskInstanceState.RUNNING","logger":"task.stdout"}
{"timestamp":"2025-12-04T15:06:43.692555Z","level":"info","event":"Task operator:<Task(PythonOperator): insert_currency_data>","logger":"task.stdout"}
