{"timestamp":"2025-12-05T15:04:22.380598Z","level":"info","event":"DAG bundles loaded: dags-folder, example_dags","logger":"airflow.dag_processing.bundles.manager.DagBundlesManager","filename":"manager.py","lineno":179}
{"timestamp":"2025-12-05T15:04:22.382044Z","level":"info","event":"Filling up the DagBag from /opt/airflow/dags/app.py","logger":"airflow.models.dagbag.DagBag","filename":"dagbag.py","lineno":593}
{"timestamp":"2025-12-05T15:04:22.410232Z","level":"warning","event":"The `airflow.operators.python.BranchPythonOperator` attribute is deprecated. Please use `'airflow.providers.standard.operators.python.BranchPythonOperator'`.","category":"DeprecatedImportWarning","filename":"/opt/airflow/dags/app.py","lineno":2,"logger":"py.warnings"}
{"timestamp":"2025-12-05T15:04:22.410384Z","level":"warning","event":"The `airflow.operators.empty.EmptyOperator` attribute is deprecated. Please use `'airflow.providers.standard.operators.empty.EmptyOperator'`.","category":"DeprecatedImportWarning","filename":"/opt/airflow/dags/app.py","lineno":3,"logger":"py.warnings"}
{"timestamp":"2025-12-05T15:04:22.431188Z","level":"info","event":"Task instance is in running state","logger":"task.stdout"}
{"timestamp":"2025-12-05T15:04:22.431533Z","level":"info","event":" Previous state of the Task instance: TaskInstanceState.QUEUED","logger":"task.stdout"}
{"timestamp":"2025-12-05T15:04:22.431753Z","level":"info","event":"Current task name:insert_currency_data","logger":"task.stdout"}
{"timestamp":"2025-12-05T15:04:22.431969Z","level":"info","event":"Dag name:extract_and_load_currency_data","logger":"task.stdout"}
{"timestamp":"2025-12-05T15:04:22.457673Z","level":"warning","event":"This setter is for backward compatibility and should not be used.\nSince the introduction of connection property, the providers listed below breaks due to assigning value to self.connection in their __init__ method.\n* apache-airflow-providers-mysql<5.7.1\n* apache-airflow-providers-elasticsearch<5.5.1\n* apache-airflow-providers-postgres<5.13.0","logger":"airflow.task.hooks.airflow.providers.postgres.hooks.postgres.PostgresHook","filename":"sql.py","lineno":249}
{"timestamp":"2025-12-05T15:04:22.493209Z","level":"info","event":"Running statement: SELECT COUNT(*) FROM inr_currency WHERE date = %s;, parameters: ('2025-12-05',)","logger":"airflow.task.hooks.airflow.providers.postgres.hooks.postgres.PostgresHook","filename":"sql.py","lineno":810}
{"timestamp":"2025-12-05T15:04:22.497984Z","level":"info","event":"Rows affected: 1","logger":"airflow.task.hooks.airflow.providers.postgres.hooks.postgres.PostgresHook","filename":"sql.py","lineno":822}
{"timestamp":"2025-12-05T15:04:22.533562Z","level":"info","event":"Running statement: \n    INSERT INTO inr_currency (date, currency_code, rate, inverse_rate)\n    VALUES (%s, %s, %s, %s);\n    , parameters: ('2025-12-05', 'AUD', 0.0168, 59.523809523809526)","logger":"airflow.task.hooks.airflow.providers.postgres.hooks.postgres.PostgresHook","filename":"sql.py","lineno":810}
{"timestamp":"2025-12-05T15:04:22.538299Z","level":"info","event":"Rows affected: 1","logger":"airflow.task.hooks.airflow.providers.postgres.hooks.postgres.PostgresHook","filename":"sql.py","lineno":822}
{"timestamp":"2025-12-05T15:04:22.574364Z","level":"info","event":"Running statement: \n    INSERT INTO inr_currency (date, currency_code, rate, inverse_rate)\n    VALUES (%s, %s, %s, %s);\n    , parameters: ('2025-12-05', 'BGN', 0.0187, 53.475935828877)","logger":"airflow.task.hooks.airflow.providers.postgres.hooks.postgres.PostgresHook","filename":"sql.py","lineno":810}
{"timestamp":"2025-12-05T15:04:22.577178Z","level":"info","event":"Rows affected: 1","logger":"airflow.task.hooks.airflow.providers.postgres.hooks.postgres.PostgresHook","filename":"sql.py","lineno":822}
{"timestamp":"2025-12-05T15:04:22.613581Z","level":"info","event":"Running statement: \n    INSERT INTO inr_currency (date, currency_code, rate, inverse_rate)\n    VALUES (%s, %s, %s, %s);\n    , parameters: ('2025-12-05', 'BRL', 0.059, 16.949152542372882)","logger":"airflow.task.hooks.airflow.providers.postgres.hooks.postgres.PostgresHook","filename":"sql.py","lineno":810}
{"timestamp":"2025-12-05T15:04:22.616179Z","level":"info","event":"Rows affected: 1","logger":"airflow.task.hooks.airflow.providers.postgres.hooks.postgres.PostgresHook","filename":"sql.py","lineno":822}
{"timestamp":"2025-12-05T15:04:22.652385Z","level":"info","event":"Running statement: \n    INSERT INTO inr_currency (date, currency_code, rate, inverse_rate)\n    VALUES (%s, %s, %s, %s);\n    , parameters: ('2025-12-05', 'CAD', 0.0155, 64.51612903225806)","logger":"airflow.task.hooks.airflow.providers.postgres.hooks.postgres.PostgresHook","filename":"sql.py","lineno":810}
{"timestamp":"2025-12-05T15:04:22.654795Z","level":"info","event":"Rows affected: 1","logger":"airflow.task.hooks.airflow.providers.postgres.hooks.postgres.PostgresHook","filename":"sql.py","lineno":822}
{"timestamp":"2025-12-05T15:04:22.691604Z","level":"info","event":"Running statement: \n    INSERT INTO inr_currency (date, currency_code, rate, inverse_rate)\n    VALUES (%s, %s, %s, %s);\n    , parameters: ('2025-12-05', 'CHF', 0.0089, 112.35955056179776)","logger":"airflow.task.hooks.airflow.providers.postgres.hooks.postgres.PostgresHook","filename":"sql.py","lineno":810}
{"timestamp":"2025-12-05T15:04:22.694084Z","level":"info","event":"Rows affected: 1","logger":"airflow.task.hooks.airflow.providers.postgres.hooks.postgres.PostgresHook","filename":"sql.py","lineno":822}
{"timestamp":"2025-12-05T15:04:22.736396Z","level":"info","event":"Running statement: \n    INSERT INTO inr_currency (date, currency_code, rate, inverse_rate)\n    VALUES (%s, %s, %s, %s);\n    , parameters: ('2025-12-05', 'CNY', 0.0787, 12.706480304955527)","logger":"airflow.task.hooks.airflow.providers.postgres.hooks.postgres.PostgresHook","filename":"sql.py","lineno":810}
{"timestamp":"2025-12-05T15:04:22.740430Z","level":"info","event":"Rows affected: 1","logger":"airflow.task.hooks.airflow.providers.postgres.hooks.postgres.PostgresHook","filename":"sql.py","lineno":822}
{"timestamp":"2025-12-05T15:04:22.783052Z","level":"info","event":"Running statement: \n    INSERT INTO inr_currency (date, currency_code, rate, inverse_rate)\n    VALUES (%s, %s, %s, %s);\n    , parameters: ('2025-12-05', 'CZK', 0.2304, 4.340277777777778)","logger":"airflow.task.hooks.airflow.providers.postgres.hooks.postgres.PostgresHook","filename":"sql.py","lineno":810}
{"timestamp":"2025-12-05T15:04:22.785569Z","level":"info","event":"Rows affected: 1","logger":"airflow.task.hooks.airflow.providers.postgres.hooks.postgres.PostgresHook","filename":"sql.py","lineno":822}
{"timestamp":"2025-12-05T15:04:22.824940Z","level":"info","event":"Running statement: \n    INSERT INTO inr_currency (date, currency_code, rate, inverse_rate)\n    VALUES (%s, %s, %s, %s);\n    , parameters: ('2025-12-05', 'DKK', 0.0712, 14.04494382022472)","logger":"airflow.task.hooks.airflow.providers.postgres.hooks.postgres.PostgresHook","filename":"sql.py","lineno":810}
{"timestamp":"2025-12-05T15:04:22.827398Z","level":"info","event":"Rows affected: 1","logger":"airflow.task.hooks.airflow.providers.postgres.hooks.postgres.PostgresHook","filename":"sql.py","lineno":822}
{"timestamp":"2025-12-05T15:04:22.867466Z","level":"info","event":"Running statement: \n    INSERT INTO inr_currency (date, currency_code, rate, inverse_rate)\n    VALUES (%s, %s, %s, %s);\n    , parameters: ('2025-12-05', 'EUR', 0.0095, 105.26315789473685)","logger":"airflow.task.hooks.airflow.providers.postgres.hooks.postgres.PostgresHook","filename":"sql.py","lineno":810}
{"timestamp":"2025-12-05T15:04:22.870129Z","level":"info","event":"Rows affected: 1","logger":"airflow.task.hooks.airflow.providers.postgres.hooks.postgres.PostgresHook","filename":"sql.py","lineno":822}
{"timestamp":"2025-12-05T15:04:22.907302Z","level":"info","event":"Running statement: \n    INSERT INTO inr_currency (date, currency_code, rate, inverse_rate)\n    VALUES (%s, %s, %s, %s);\n    , parameters: ('2025-12-05', 'GBP', 0.0083, 120.48192771084337)","logger":"airflow.task.hooks.airflow.providers.postgres.hooks.postgres.PostgresHook","filename":"sql.py","lineno":810}
{"timestamp":"2025-12-05T15:04:22.909617Z","level":"info","event":"Rows affected: 1","logger":"airflow.task.hooks.airflow.providers.postgres.hooks.postgres.PostgresHook","filename":"sql.py","lineno":822}
{"timestamp":"2025-12-05T15:04:22.949158Z","level":"info","event":"Running statement: \n    INSERT INTO inr_currency (date, currency_code, rate, inverse_rate)\n    VALUES (%s, %s, %s, %s);\n    , parameters: ('2025-12-05', 'HKD', 0.0866, 11.547344110854503)","logger":"airflow.task.hooks.airflow.providers.postgres.hooks.postgres.PostgresHook","filename":"sql.py","lineno":810}
{"timestamp":"2025-12-05T15:04:22.952037Z","level":"info","event":"Rows affected: 1","logger":"airflow.task.hooks.airflow.providers.postgres.hooks.postgres.PostgresHook","filename":"sql.py","lineno":822}
{"timestamp":"2025-12-05T15:04:22.996285Z","level":"info","event":"Running statement: \n    INSERT INTO inr_currency (date, currency_code, rate, inverse_rate)\n    VALUES (%s, %s, %s, %s);\n    , parameters: ('2025-12-05', 'HUF', 3.6438, 0.27443877270980843)","logger":"airflow.task.hooks.airflow.providers.postgres.hooks.postgres.PostgresHook","filename":"sql.py","lineno":810}
{"timestamp":"2025-12-05T15:04:23.000880Z","level":"info","event":"Rows affected: 1","logger":"airflow.task.hooks.airflow.providers.postgres.hooks.postgres.PostgresHook","filename":"sql.py","lineno":822}
{"timestamp":"2025-12-05T15:04:23.046145Z","level":"info","event":"Running statement: \n    INSERT INTO inr_currency (date, currency_code, rate, inverse_rate)\n    VALUES (%s, %s, %s, %s);\n    , parameters: ('2025-12-05', 'IDR', 185.3204, 0.005396060012821039)","logger":"airflow.task.hooks.airflow.providers.postgres.hooks.postgres.PostgresHook","filename":"sql.py","lineno":810}
{"timestamp":"2025-12-05T15:04:23.049121Z","level":"info","event":"Rows affected: 1","logger":"airflow.task.hooks.airflow.providers.postgres.hooks.postgres.PostgresHook","filename":"sql.py","lineno":822}
{"timestamp":"2025-12-05T15:04:23.193218Z","level":"info","event":"Running statement: \n    INSERT INTO inr_currency (date, currency_code, rate, inverse_rate)\n    VALUES (%s, %s, %s, %s);\n    , parameters: ('2025-12-05', 'ILS', 0.036, 27.77777777777778)","logger":"airflow.task.hooks.airflow.providers.postgres.hooks.postgres.PostgresHook","filename":"sql.py","lineno":810}
{"timestamp":"2025-12-05T15:04:23.196361Z","level":"info","event":"Rows affected: 1","logger":"airflow.task.hooks.airflow.providers.postgres.hooks.postgres.PostgresHook","filename":"sql.py","lineno":822}
{"timestamp":"2025-12-05T15:04:23.236605Z","level":"info","event":"Running statement: \n    INSERT INTO inr_currency (date, currency_code, rate, inverse_rate)\n    VALUES (%s, %s, %s, %s);\n    , parameters: ('2025-12-05', 'INR', 1.0, 1.0)","logger":"airflow.task.hooks.airflow.providers.postgres.hooks.postgres.PostgresHook","filename":"sql.py","lineno":810}
{"timestamp":"2025-12-05T15:04:23.239746Z","level":"info","event":"Rows affected: 1","logger":"airflow.task.hooks.airflow.providers.postgres.hooks.postgres.PostgresHook","filename":"sql.py","lineno":822}
{"timestamp":"2025-12-05T15:04:23.279458Z","level":"info","event":"Running statement: \n    INSERT INTO inr_currency (date, currency_code, rate, inverse_rate)\n    VALUES (%s, %s, %s, %s);\n    , parameters: ('2025-12-05', 'ISK', 1.4212, 0.7036307345904869)","logger":"airflow.task.hooks.airflow.providers.postgres.hooks.postgres.PostgresHook","filename":"sql.py","lineno":810}
{"timestamp":"2025-12-05T15:04:23.282413Z","level":"info","event":"Rows affected: 1","logger":"airflow.task.hooks.airflow.providers.postgres.hooks.postgres.PostgresHook","filename":"sql.py","lineno":822}
{"timestamp":"2025-12-05T15:04:23.319624Z","level":"info","event":"Running statement: \n    INSERT INTO inr_currency (date, currency_code, rate, inverse_rate)\n    VALUES (%s, %s, %s, %s);\n    , parameters: ('2025-12-05', 'JPY', 1.7221, 0.5806863712908659)","logger":"airflow.task.hooks.airflow.providers.postgres.hooks.postgres.PostgresHook","filename":"sql.py","lineno":810}
{"timestamp":"2025-12-05T15:04:23.322351Z","level":"info","event":"Rows affected: 1","logger":"airflow.task.hooks.airflow.providers.postgres.hooks.postgres.PostgresHook","filename":"sql.py","lineno":822}
{"timestamp":"2025-12-05T15:04:23.370340Z","level":"info","event":"Running statement: \n    INSERT INTO inr_currency (date, currency_code, rate, inverse_rate)\n    VALUES (%s, %s, %s, %s);\n    , parameters: ('2025-12-05', 'KRW', 16.3739, 0.06107280489071022)","logger":"airflow.task.hooks.airflow.providers.postgres.hooks.postgres.PostgresHook","filename":"sql.py","lineno":810}
{"timestamp":"2025-12-05T15:04:23.373931Z","level":"info","event":"Rows affected: 1","logger":"airflow.task.hooks.airflow.providers.postgres.hooks.postgres.PostgresHook","filename":"sql.py","lineno":822}
{"timestamp":"2025-12-05T15:04:23.420471Z","level":"info","event":"Running statement: \n    INSERT INTO inr_currency (date, currency_code, rate, inverse_rate)\n    VALUES (%s, %s, %s, %s);\n    , parameters: ('2025-12-05', 'MXN', 0.2033, 4.918839153959666)","logger":"airflow.task.hooks.airflow.providers.postgres.hooks.postgres.PostgresHook","filename":"sql.py","lineno":810}
{"timestamp":"2025-12-05T15:04:23.423561Z","level":"info","event":"Rows affected: 1","logger":"airflow.task.hooks.airflow.providers.postgres.hooks.postgres.PostgresHook","filename":"sql.py","lineno":822}
{"timestamp":"2025-12-05T15:04:23.558519Z","level":"info","event":"Running statement: \n    INSERT INTO inr_currency (date, currency_code, rate, inverse_rate)\n    VALUES (%s, %s, %s, %s);\n    , parameters: ('2025-12-05', 'MYR', 0.0458, 21.83406113537118)","logger":"airflow.task.hooks.airflow.providers.postgres.hooks.postgres.PostgresHook","filename":"sql.py","lineno":810}
{"timestamp":"2025-12-05T15:04:23.561897Z","level":"info","event":"Rows affected: 1","logger":"airflow.task.hooks.airflow.providers.postgres.hooks.postgres.PostgresHook","filename":"sql.py","lineno":822}
{"timestamp":"2025-12-05T15:04:23.602772Z","level":"info","event":"Running statement: \n    INSERT INTO inr_currency (date, currency_code, rate, inverse_rate)\n    VALUES (%s, %s, %s, %s);\n    , parameters: ('2025-12-05', 'NOK', 0.1124, 8.896797153024911)","logger":"airflow.task.hooks.airflow.providers.postgres.hooks.postgres.PostgresHook","filename":"sql.py","lineno":810}
{"timestamp":"2025-12-05T15:04:23.605511Z","level":"info","event":"Rows affected: 1","logger":"airflow.task.hooks.airflow.providers.postgres.hooks.postgres.PostgresHook","filename":"sql.py","lineno":822}
{"timestamp":"2025-12-05T15:04:23.641198Z","level":"info","event":"Running statement: \n    INSERT INTO inr_currency (date, currency_code, rate, inverse_rate)\n    VALUES (%s, %s, %s, %s);\n    , parameters: ('2025-12-05', 'NZD', 0.0193, 51.81347150259067)","logger":"airflow.task.hooks.airflow.providers.postgres.hooks.postgres.PostgresHook","filename":"sql.py","lineno":810}
{"timestamp":"2025-12-05T15:04:23.644453Z","level":"info","event":"Rows affected: 1","logger":"airflow.task.hooks.airflow.providers.postgres.hooks.postgres.PostgresHook","filename":"sql.py","lineno":822}
{"timestamp":"2025-12-05T15:04:23.682006Z","level":"info","event":"Running statement: \n    INSERT INTO inr_currency (date, currency_code, rate, inverse_rate)\n    VALUES (%s, %s, %s, %s);\n    , parameters: ('2025-12-05', 'PHP', 0.6569, 1.5223017202009437)","logger":"airflow.task.hooks.airflow.providers.postgres.hooks.postgres.PostgresHook","filename":"sql.py","lineno":810}
{"timestamp":"2025-12-05T15:04:23.684483Z","level":"info","event":"Rows affected: 1","logger":"airflow.task.hooks.airflow.providers.postgres.hooks.postgres.PostgresHook","filename":"sql.py","lineno":822}
{"timestamp":"2025-12-05T15:04:23.720624Z","level":"info","event":"Running statement: \n    INSERT INTO inr_currency (date, currency_code, rate, inverse_rate)\n    VALUES (%s, %s, %s, %s);\n    , parameters: ('2025-12-05', 'PLN', 0.0404, 24.752475247524753)","logger":"airflow.task.hooks.airflow.providers.postgres.hooks.postgres.PostgresHook","filename":"sql.py","lineno":810}
{"timestamp":"2025-12-05T15:04:23.723366Z","level":"info","event":"Rows affected: 1","logger":"airflow.task.hooks.airflow.providers.postgres.hooks.postgres.PostgresHook","filename":"sql.py","lineno":822}
{"timestamp":"2025-12-05T15:04:23.759606Z","level":"info","event":"Running statement: \n    INSERT INTO inr_currency (date, currency_code, rate, inverse_rate)\n    VALUES (%s, %s, %s, %s);\n    , parameters: ('2025-12-05', 'RON', 0.0486, 20.5761316872428)","logger":"airflow.task.hooks.airflow.providers.postgres.hooks.postgres.PostgresHook","filename":"sql.py","lineno":810}
{"timestamp":"2025-12-05T15:04:23.762065Z","level":"info","event":"Rows affected: 1","logger":"airflow.task.hooks.airflow.providers.postgres.hooks.postgres.PostgresHook","filename":"sql.py","lineno":822}
{"timestamp":"2025-12-05T15:04:23.798919Z","level":"info","event":"Running statement: \n    INSERT INTO inr_currency (date, currency_code, rate, inverse_rate)\n    VALUES (%s, %s, %s, %s);\n    , parameters: ('2025-12-05', 'SEK', 0.1046, 9.560229445506693)","logger":"airflow.task.hooks.airflow.providers.postgres.hooks.postgres.PostgresHook","filename":"sql.py","lineno":810}
{"timestamp":"2025-12-05T15:04:23.801627Z","level":"info","event":"Rows affected: 1","logger":"airflow.task.hooks.airflow.providers.postgres.hooks.postgres.PostgresHook","filename":"sql.py","lineno":822}
{"timestamp":"2025-12-05T15:04:23.846472Z","level":"info","event":"Running statement: \n    INSERT INTO inr_currency (date, currency_code, rate, inverse_rate)\n    VALUES (%s, %s, %s, %s);\n    , parameters: ('2025-12-05', 'SGD', 0.0144, 69.44444444444444)","logger":"airflow.task.hooks.airflow.providers.postgres.hooks.postgres.PostgresHook","filename":"sql.py","lineno":810}
{"timestamp":"2025-12-05T15:04:23.850068Z","level":"info","event":"Rows affected: 1","logger":"airflow.task.hooks.airflow.providers.postgres.hooks.postgres.PostgresHook","filename":"sql.py","lineno":822}
{"timestamp":"2025-12-05T15:04:23.890881Z","level":"info","event":"Running statement: \n    INSERT INTO inr_currency (date, currency_code, rate, inverse_rate)\n    VALUES (%s, %s, %s, %s);\n    , parameters: ('2025-12-05', 'THB', 0.3567, 2.803476310625175)","logger":"airflow.task.hooks.airflow.providers.postgres.hooks.postgres.PostgresHook","filename":"sql.py","lineno":810}
{"timestamp":"2025-12-05T15:04:23.894384Z","level":"info","event":"Rows affected: 1","logger":"airflow.task.hooks.airflow.providers.postgres.hooks.postgres.PostgresHook","filename":"sql.py","lineno":822}
{"timestamp":"2025-12-05T15:04:23.933540Z","level":"info","event":"Running statement: \n    INSERT INTO inr_currency (date, currency_code, rate, inverse_rate)\n    VALUES (%s, %s, %s, %s);\n    , parameters: ('2025-12-05', 'TRY', 0.4723, 2.1172983273343213)","logger":"airflow.task.hooks.airflow.providers.postgres.hooks.postgres.PostgresHook","filename":"sql.py","lineno":810}
{"timestamp":"2025-12-05T15:04:23.936612Z","level":"info","event":"Rows affected: 1","logger":"airflow.task.hooks.airflow.providers.postgres.hooks.postgres.PostgresHook","filename":"sql.py","lineno":822}
{"timestamp":"2025-12-05T15:04:23.974733Z","level":"info","event":"Running statement: \n    INSERT INTO inr_currency (date, currency_code, rate, inverse_rate)\n    VALUES (%s, %s, %s, %s);\n    , parameters: ('2025-12-05', 'USD', 0.0111, 90.09009009009009)","logger":"airflow.task.hooks.airflow.providers.postgres.hooks.postgres.PostgresHook","filename":"sql.py","lineno":810}
{"timestamp":"2025-12-05T15:04:23.977416Z","level":"info","event":"Rows affected: 1","logger":"airflow.task.hooks.airflow.providers.postgres.hooks.postgres.PostgresHook","filename":"sql.py","lineno":822}
{"timestamp":"2025-12-05T15:04:24.119891Z","level":"info","event":"Running statement: \n    INSERT INTO inr_currency (date, currency_code, rate, inverse_rate)\n    VALUES (%s, %s, %s, %s);\n    , parameters: ('2025-12-05', 'ZAR', 0.1889, 5.2938062466913705)","logger":"airflow.task.hooks.airflow.providers.postgres.hooks.postgres.PostgresHook","filename":"sql.py","lineno":810}
{"timestamp":"2025-12-05T15:04:24.122562Z","level":"info","event":"Rows affected: 1","logger":"airflow.task.hooks.airflow.providers.postgres.hooks.postgres.PostgresHook","filename":"sql.py","lineno":822}
{"timestamp":"2025-12-05T15:04:24.124623Z","level":"info","event":"Done. Returned value was: None","logger":"airflow.task.operators.airflow.providers.standard.operators.python.PythonOperator","filename":"python.py","lineno":215}
{"timestamp":"2025-12-05T15:04:24.142114Z","level":"info","event":"Task instance in success state","logger":"task.stdout"}
{"timestamp":"2025-12-05T15:04:24.142428Z","level":"info","event":" Previous state of the Task instance: TaskInstanceState.RUNNING","logger":"task.stdout"}
{"timestamp":"2025-12-05T15:04:24.147375Z","level":"info","event":"Task operator:<Task(PythonOperator): insert_currency_data>","logger":"task.stdout"}
