{"timestamp":"2025-11-27T15:24:17.028035Z","level":"info","event":"DAG bundles loaded: dags-folder, example_dags","logger":"airflow.dag_processing.bundles.manager.DagBundlesManager","filename":"manager.py","lineno":179}
{"timestamp":"2025-11-27T15:24:17.029354Z","level":"info","event":"Filling up the DagBag from /opt/airflow/dags/app.py","logger":"airflow.models.dagbag.DagBag","filename":"dagbag.py","lineno":593}
{"timestamp":"2025-11-27T15:24:17.089315Z","level":"info","event":"Task instance is in running state","logger":"task.stdout"}
{"timestamp":"2025-11-27T15:24:17.089726Z","level":"info","event":" Previous state of the Task instance: TaskInstanceState.QUEUED","logger":"task.stdout"}
{"timestamp":"2025-11-27T15:24:17.090085Z","level":"info","event":"Current task name:insert_currency_data","logger":"task.stdout"}
{"timestamp":"2025-11-27T15:24:17.090273Z","level":"info","event":"Dag name:extract_and_load_currency_data","logger":"task.stdout"}
{"timestamp":"2025-11-27T15:24:17.115736Z","level":"warning","event":"This setter is for backward compatibility and should not be used.\nSince the introduction of connection property, the providers listed below breaks due to assigning value to self.connection in their __init__ method.\n* apache-airflow-providers-mysql<5.7.1\n* apache-airflow-providers-elasticsearch<5.5.1\n* apache-airflow-providers-postgres<5.13.0","logger":"airflow.task.hooks.airflow.providers.postgres.hooks.postgres.PostgresHook","filename":"sql.py","lineno":249}
{"timestamp":"2025-11-27T15:24:17.123605Z","level":"info","event":"Running statement: \n    INSERT INTO inr_currency (date, currency_code, currency_name, rate, inverse_rate)\n    VALUES (%s, %s, %s, %s, %s)\n    , parameters: ('2025-11-27', 'AUD', 'Australian Dollar', 0.0171, 58.47953216374269)","logger":"airflow.task.hooks.airflow.providers.postgres.hooks.postgres.PostgresHook","filename":"sql.py","lineno":810}
{"timestamp":"2025-11-27T15:24:17.125681Z","level":"info","event":"Rows affected: 1","logger":"airflow.task.hooks.airflow.providers.postgres.hooks.postgres.PostgresHook","filename":"sql.py","lineno":822}
{"timestamp":"2025-11-27T15:24:17.134043Z","level":"info","event":"Running statement: \n    INSERT INTO inr_currency (date, currency_code, currency_name, rate, inverse_rate)\n    VALUES (%s, %s, %s, %s, %s)\n    , parameters: ('2025-11-27', 'BGN', 'Bulgarian Lev', 0.0189, 52.91005291005291)","logger":"airflow.task.hooks.airflow.providers.postgres.hooks.postgres.PostgresHook","filename":"sql.py","lineno":810}
{"timestamp":"2025-11-27T15:24:17.135221Z","level":"info","event":"Rows affected: 1","logger":"airflow.task.hooks.airflow.providers.postgres.hooks.postgres.PostgresHook","filename":"sql.py","lineno":822}
{"timestamp":"2025-11-27T15:24:17.143807Z","level":"info","event":"Running statement: \n    INSERT INTO inr_currency (date, currency_code, currency_name, rate, inverse_rate)\n    VALUES (%s, %s, %s, %s, %s)\n    , parameters: ('2025-11-27', 'BRL', 'Brazilian Real', 0.0598, 16.722408026755854)","logger":"airflow.task.hooks.airflow.providers.postgres.hooks.postgres.PostgresHook","filename":"sql.py","lineno":810}
{"timestamp":"2025-11-27T15:24:17.145071Z","level":"info","event":"Rows affected: 1","logger":"airflow.task.hooks.airflow.providers.postgres.hooks.postgres.PostgresHook","filename":"sql.py","lineno":822}
{"timestamp":"2025-11-27T15:24:17.153374Z","level":"info","event":"Running statement: \n    INSERT INTO inr_currency (date, currency_code, currency_name, rate, inverse_rate)\n    VALUES (%s, %s, %s, %s, %s)\n    , parameters: ('2025-11-27', 'CAD', 'Canadian Dollar', 0.0157, 63.69426751592357)","logger":"airflow.task.hooks.airflow.providers.postgres.hooks.postgres.PostgresHook","filename":"sql.py","lineno":810}
{"timestamp":"2025-11-27T15:24:17.154583Z","level":"info","event":"Rows affected: 1","logger":"airflow.task.hooks.airflow.providers.postgres.hooks.postgres.PostgresHook","filename":"sql.py","lineno":822}
{"timestamp":"2025-11-27T15:24:17.163099Z","level":"info","event":"Running statement: \n    INSERT INTO inr_currency (date, currency_code, currency_name, rate, inverse_rate)\n    VALUES (%s, %s, %s, %s, %s)\n    , parameters: ('2025-11-27', 'CHF', 'Swiss Franc', 0.009, 111.11111111111111)","logger":"airflow.task.hooks.airflow.providers.postgres.hooks.postgres.PostgresHook","filename":"sql.py","lineno":810}
{"timestamp":"2025-11-27T15:24:17.164335Z","level":"info","event":"Rows affected: 1","logger":"airflow.task.hooks.airflow.providers.postgres.hooks.postgres.PostgresHook","filename":"sql.py","lineno":822}
{"timestamp":"2025-11-27T15:24:17.173008Z","level":"info","event":"Running statement: \n    INSERT INTO inr_currency (date, currency_code, currency_name, rate, inverse_rate)\n    VALUES (%s, %s, %s, %s, %s)\n    , parameters: ('2025-11-27', 'CNY', 'Chinese Yuan Renminbi', 0.0792, 12.626262626262625)","logger":"airflow.task.hooks.airflow.providers.postgres.hooks.postgres.PostgresHook","filename":"sql.py","lineno":810}
{"timestamp":"2025-11-27T15:24:17.174164Z","level":"info","event":"Rows affected: 1","logger":"airflow.task.hooks.airflow.providers.postgres.hooks.postgres.PostgresHook","filename":"sql.py","lineno":822}
{"timestamp":"2025-11-27T15:24:17.182235Z","level":"info","event":"Running statement: \n    INSERT INTO inr_currency (date, currency_code, currency_name, rate, inverse_rate)\n    VALUES (%s, %s, %s, %s, %s)\n    , parameters: ('2025-11-27', 'CZK', 'Czech Koruna', 0.2334, 4.284490145672665)","logger":"airflow.task.hooks.airflow.providers.postgres.hooks.postgres.PostgresHook","filename":"sql.py","lineno":810}
{"timestamp":"2025-11-27T15:24:17.183498Z","level":"info","event":"Rows affected: 1","logger":"airflow.task.hooks.airflow.providers.postgres.hooks.postgres.PostgresHook","filename":"sql.py","lineno":822}
{"timestamp":"2025-11-27T15:24:17.191359Z","level":"info","event":"Running statement: \n    INSERT INTO inr_currency (date, currency_code, currency_name, rate, inverse_rate)\n    VALUES (%s, %s, %s, %s, %s)\n    , parameters: ('2025-11-27', 'DKK', 'Danish Krone', 0.0721, 13.869625520110958)","logger":"airflow.task.hooks.airflow.providers.postgres.hooks.postgres.PostgresHook","filename":"sql.py","lineno":810}
{"timestamp":"2025-11-27T15:24:17.192612Z","level":"info","event":"Rows affected: 1","logger":"airflow.task.hooks.airflow.providers.postgres.hooks.postgres.PostgresHook","filename":"sql.py","lineno":822}
{"timestamp":"2025-11-27T15:24:17.200410Z","level":"info","event":"Running statement: \n    INSERT INTO inr_currency (date, currency_code, currency_name, rate, inverse_rate)\n    VALUES (%s, %s, %s, %s, %s)\n    , parameters: ('2025-11-27', 'EUR', 'Euro', 0.0097, 103.09278350515464)","logger":"airflow.task.hooks.airflow.providers.postgres.hooks.postgres.PostgresHook","filename":"sql.py","lineno":810}
{"timestamp":"2025-11-27T15:24:17.201599Z","level":"info","event":"Rows affected: 1","logger":"airflow.task.hooks.airflow.providers.postgres.hooks.postgres.PostgresHook","filename":"sql.py","lineno":822}
{"timestamp":"2025-11-27T15:24:17.209821Z","level":"info","event":"Running statement: \n    INSERT INTO inr_currency (date, currency_code, currency_name, rate, inverse_rate)\n    VALUES (%s, %s, %s, %s, %s)\n    , parameters: ('2025-11-27', 'GBP', 'British Pound Sterling', 0.0085, 117.6470588235294)","logger":"airflow.task.hooks.airflow.providers.postgres.hooks.postgres.PostgresHook","filename":"sql.py","lineno":810}
{"timestamp":"2025-11-27T15:24:17.210919Z","level":"info","event":"Rows affected: 1","logger":"airflow.task.hooks.airflow.providers.postgres.hooks.postgres.PostgresHook","filename":"sql.py","lineno":822}
{"timestamp":"2025-11-27T15:24:17.219407Z","level":"info","event":"Running statement: \n    INSERT INTO inr_currency (date, currency_code, currency_name, rate, inverse_rate)\n    VALUES (%s, %s, %s, %s, %s)\n    , parameters: ('2025-11-27', 'HKD', 'Hong Kong Dollar', 0.087, 11.49425287356322)","logger":"airflow.task.hooks.airflow.providers.postgres.hooks.postgres.PostgresHook","filename":"sql.py","lineno":810}
{"timestamp":"2025-11-27T15:24:17.220745Z","level":"info","event":"Rows affected: 1","logger":"airflow.task.hooks.airflow.providers.postgres.hooks.postgres.PostgresHook","filename":"sql.py","lineno":822}
{"timestamp":"2025-11-27T15:24:17.228796Z","level":"info","event":"Running statement: \n    INSERT INTO inr_currency (date, currency_code, currency_name, rate, inverse_rate)\n    VALUES (%s, %s, %s, %s, %s)\n    , parameters: ('2025-11-27', 'HUF', 'Hungarian Forint', 3.6848, 0.2713851498046027)","logger":"airflow.task.hooks.airflow.providers.postgres.hooks.postgres.PostgresHook","filename":"sql.py","lineno":810}
{"timestamp":"2025-11-27T15:24:17.230033Z","level":"info","event":"Rows affected: 1","logger":"airflow.task.hooks.airflow.providers.postgres.hooks.postgres.PostgresHook","filename":"sql.py","lineno":822}
{"timestamp":"2025-11-27T15:24:17.238370Z","level":"info","event":"Running statement: \n    INSERT INTO inr_currency (date, currency_code, currency_name, rate, inverse_rate)\n    VALUES (%s, %s, %s, %s, %s)\n    , parameters: ('2025-11-27', 'IDR', 'Indonesian Rupiah', 186.1249, 0.005372736264734058)","logger":"airflow.task.hooks.airflow.providers.postgres.hooks.postgres.PostgresHook","filename":"sql.py","lineno":810}
{"timestamp":"2025-11-27T15:24:17.239582Z","level":"info","event":"Rows affected: 1","logger":"airflow.task.hooks.airflow.providers.postgres.hooks.postgres.PostgresHook","filename":"sql.py","lineno":822}
{"timestamp":"2025-11-27T15:24:17.247538Z","level":"info","event":"Running statement: \n    INSERT INTO inr_currency (date, currency_code, currency_name, rate, inverse_rate)\n    VALUES (%s, %s, %s, %s, %s)\n    , parameters: ('2025-11-27', 'ILS', 'Israeli Shekel', 0.0366, 27.3224043715847)","logger":"airflow.task.hooks.airflow.providers.postgres.hooks.postgres.PostgresHook","filename":"sql.py","lineno":810}
{"timestamp":"2025-11-27T15:24:17.248799Z","level":"info","event":"Rows affected: 1","logger":"airflow.task.hooks.airflow.providers.postgres.hooks.postgres.PostgresHook","filename":"sql.py","lineno":822}
{"timestamp":"2025-11-27T15:24:17.256744Z","level":"info","event":"Running statement: \n    INSERT INTO inr_currency (date, currency_code, currency_name, rate, inverse_rate)\n    VALUES (%s, %s, %s, %s, %s)\n    , parameters: ('2025-11-27', 'INR', 'Indian Rupee', 1.0, 1.0)","logger":"airflow.task.hooks.airflow.providers.postgres.hooks.postgres.PostgresHook","filename":"sql.py","lineno":810}
{"timestamp":"2025-11-27T15:24:17.257872Z","level":"info","event":"Rows affected: 1","logger":"airflow.task.hooks.airflow.providers.postgres.hooks.postgres.PostgresHook","filename":"sql.py","lineno":822}
{"timestamp":"2025-11-27T15:24:17.266024Z","level":"info","event":"Running statement: \n    INSERT INTO inr_currency (date, currency_code, currency_name, rate, inverse_rate)\n    VALUES (%s, %s, %s, %s, %s)\n    , parameters: ('2025-11-27', 'ISK', 'Icelandic Krona', 1.423, 0.7027406886858749)","logger":"airflow.task.hooks.airflow.providers.postgres.hooks.postgres.PostgresHook","filename":"sql.py","lineno":810}
{"timestamp":"2025-11-27T15:24:17.267080Z","level":"info","event":"Rows affected: 1","logger":"airflow.task.hooks.airflow.providers.postgres.hooks.postgres.PostgresHook","filename":"sql.py","lineno":822}
{"timestamp":"2025-11-27T15:24:17.275213Z","level":"info","event":"Running statement: \n    INSERT INTO inr_currency (date, currency_code, currency_name, rate, inverse_rate)\n    VALUES (%s, %s, %s, %s, %s)\n    , parameters: ('2025-11-27', 'JPY', 'Japanese Yen', 1.7485, 0.5719187875321704)","logger":"airflow.task.hooks.airflow.providers.postgres.hooks.postgres.PostgresHook","filename":"sql.py","lineno":810}
{"timestamp":"2025-11-27T15:24:17.276474Z","level":"info","event":"Rows affected: 1","logger":"airflow.task.hooks.airflow.providers.postgres.hooks.postgres.PostgresHook","filename":"sql.py","lineno":822}
{"timestamp":"2025-11-27T15:24:17.284287Z","level":"info","event":"Running statement: \n    INSERT INTO inr_currency (date, currency_code, currency_name, rate, inverse_rate)\n    VALUES (%s, %s, %s, %s, %s)\n    , parameters: ('2025-11-27', 'KRW', 'South Korean Won', 16.3557, 0.061140764381836306)","logger":"airflow.task.hooks.airflow.providers.postgres.hooks.postgres.PostgresHook","filename":"sql.py","lineno":810}
{"timestamp":"2025-11-27T15:24:17.285452Z","level":"info","event":"Rows affected: 1","logger":"airflow.task.hooks.airflow.providers.postgres.hooks.postgres.PostgresHook","filename":"sql.py","lineno":822}
{"timestamp":"2025-11-27T15:24:17.293898Z","level":"info","event":"Running statement: \n    INSERT INTO inr_currency (date, currency_code, currency_name, rate, inverse_rate)\n    VALUES (%s, %s, %s, %s, %s)\n    , parameters: ('2025-11-27', 'MXN', 'Mexican Peso', 0.2052, 4.8732943469785575)","logger":"airflow.task.hooks.airflow.providers.postgres.hooks.postgres.PostgresHook","filename":"sql.py","lineno":810}
{"timestamp":"2025-11-27T15:24:17.295071Z","level":"info","event":"Rows affected: 1","logger":"airflow.task.hooks.airflow.providers.postgres.hooks.postgres.PostgresHook","filename":"sql.py","lineno":822}
{"timestamp":"2025-11-27T15:24:17.303299Z","level":"info","event":"Running statement: \n    INSERT INTO inr_currency (date, currency_code, currency_name, rate, inverse_rate)\n    VALUES (%s, %s, %s, %s, %s)\n    , parameters: ('2025-11-27', 'MYR', 'Malaysian Ringgit', 0.0462, 21.645021645021647)","logger":"airflow.task.hooks.airflow.providers.postgres.hooks.postgres.PostgresHook","filename":"sql.py","lineno":810}
{"timestamp":"2025-11-27T15:24:17.304503Z","level":"info","event":"Rows affected: 1","logger":"airflow.task.hooks.airflow.providers.postgres.hooks.postgres.PostgresHook","filename":"sql.py","lineno":822}
{"timestamp":"2025-11-27T15:24:17.312881Z","level":"info","event":"Running statement: \n    INSERT INTO inr_currency (date, currency_code, currency_name, rate, inverse_rate)\n    VALUES (%s, %s, %s, %s, %s)\n    , parameters: ('2025-11-27', 'NOK', 'Norwegian Krone', 0.1139, 8.779631255487269)","logger":"airflow.task.hooks.airflow.providers.postgres.hooks.postgres.PostgresHook","filename":"sql.py","lineno":810}
{"timestamp":"2025-11-27T15:24:17.313988Z","level":"info","event":"Rows affected: 1","logger":"airflow.task.hooks.airflow.providers.postgres.hooks.postgres.PostgresHook","filename":"sql.py","lineno":822}
{"timestamp":"2025-11-27T15:24:17.322243Z","level":"info","event":"Running statement: \n    INSERT INTO inr_currency (date, currency_code, currency_name, rate, inverse_rate)\n    VALUES (%s, %s, %s, %s, %s)\n    , parameters: ('2025-11-27', 'NZD', 'New Zealand Dollar', 0.0196, 51.02040816326531)","logger":"airflow.task.hooks.airflow.providers.postgres.hooks.postgres.PostgresHook","filename":"sql.py","lineno":810}
{"timestamp":"2025-11-27T15:24:17.323680Z","level":"info","event":"Rows affected: 1","logger":"airflow.task.hooks.airflow.providers.postgres.hooks.postgres.PostgresHook","filename":"sql.py","lineno":822}
{"timestamp":"2025-11-27T15:24:17.331915Z","level":"info","event":"Running statement: \n    INSERT INTO inr_currency (date, currency_code, currency_name, rate, inverse_rate)\n    VALUES (%s, %s, %s, %s, %s)\n    , parameters: ('2025-11-27', 'PHP', 'Philippine Peso', 0.6573, 1.5213753232922562)","logger":"airflow.task.hooks.airflow.providers.postgres.hooks.postgres.PostgresHook","filename":"sql.py","lineno":810}
{"timestamp":"2025-11-27T15:24:17.333134Z","level":"info","event":"Rows affected: 1","logger":"airflow.task.hooks.airflow.providers.postgres.hooks.postgres.PostgresHook","filename":"sql.py","lineno":822}
{"timestamp":"2025-11-27T15:24:17.341249Z","level":"info","event":"Running statement: \n    INSERT INTO inr_currency (date, currency_code, currency_name, rate, inverse_rate)\n    VALUES (%s, %s, %s, %s, %s)\n    , parameters: ('2025-11-27', 'PLN', 'Polish Zloty', 0.0409, 24.449877750611247)","logger":"airflow.task.hooks.airflow.providers.postgres.hooks.postgres.PostgresHook","filename":"sql.py","lineno":810}
{"timestamp":"2025-11-27T15:24:17.342504Z","level":"info","event":"Rows affected: 1","logger":"airflow.task.hooks.airflow.providers.postgres.hooks.postgres.PostgresHook","filename":"sql.py","lineno":822}
{"timestamp":"2025-11-27T15:24:17.350535Z","level":"info","event":"Running statement: \n    INSERT INTO inr_currency (date, currency_code, currency_name, rate, inverse_rate)\n    VALUES (%s, %s, %s, %s, %s)\n    , parameters: ('2025-11-27', 'RON', 'Romanian Leu', 0.0492, 20.32520325203252)","logger":"airflow.task.hooks.airflow.providers.postgres.hooks.postgres.PostgresHook","filename":"sql.py","lineno":810}
{"timestamp":"2025-11-27T15:24:17.352092Z","level":"info","event":"Rows affected: 1","logger":"airflow.task.hooks.airflow.providers.postgres.hooks.postgres.PostgresHook","filename":"sql.py","lineno":822}
{"timestamp":"2025-11-27T15:24:17.360341Z","level":"info","event":"Running statement: \n    INSERT INTO inr_currency (date, currency_code, currency_name, rate, inverse_rate)\n    VALUES (%s, %s, %s, %s, %s)\n    , parameters: ('2025-11-27', 'SEK', 'Swedish Krona', 0.1061, 9.42507068803016)","logger":"airflow.task.hooks.airflow.providers.postgres.hooks.postgres.PostgresHook","filename":"sql.py","lineno":810}
{"timestamp":"2025-11-27T15:24:17.361466Z","level":"info","event":"Rows affected: 1","logger":"airflow.task.hooks.airflow.providers.postgres.hooks.postgres.PostgresHook","filename":"sql.py","lineno":822}
{"timestamp":"2025-11-27T15:24:17.369789Z","level":"info","event":"Running statement: \n    INSERT INTO inr_currency (date, currency_code, currency_name, rate, inverse_rate)\n    VALUES (%s, %s, %s, %s, %s)\n    , parameters: ('2025-11-27', 'SGD', 'Singapore Dollar', 0.0145, 68.9655172413793)","logger":"airflow.task.hooks.airflow.providers.postgres.hooks.postgres.PostgresHook","filename":"sql.py","lineno":810}
{"timestamp":"2025-11-27T15:24:17.371000Z","level":"info","event":"Rows affected: 1","logger":"airflow.task.hooks.airflow.providers.postgres.hooks.postgres.PostgresHook","filename":"sql.py","lineno":822}
{"timestamp":"2025-11-27T15:24:17.379446Z","level":"info","event":"Running statement: \n    INSERT INTO inr_currency (date, currency_code, currency_name, rate, inverse_rate)\n    VALUES (%s, %s, %s, %s, %s)\n    , parameters: ('2025-11-27', 'THB', 'Thai Baht', 0.3605, 2.7739251040221915)","logger":"airflow.task.hooks.airflow.providers.postgres.hooks.postgres.PostgresHook","filename":"sql.py","lineno":810}
{"timestamp":"2025-11-27T15:24:17.380721Z","level":"info","event":"Rows affected: 1","logger":"airflow.task.hooks.airflow.providers.postgres.hooks.postgres.PostgresHook","filename":"sql.py","lineno":822}
{"timestamp":"2025-11-27T15:24:17.389073Z","level":"info","event":"Running statement: \n    INSERT INTO inr_currency (date, currency_code, currency_name, rate, inverse_rate)\n    VALUES (%s, %s, %s, %s, %s)\n    , parameters: ('2025-11-27', 'TRY', 'Turkish Lira', 0.4747, 2.106593638087213)","logger":"airflow.task.hooks.airflow.providers.postgres.hooks.postgres.PostgresHook","filename":"sql.py","lineno":810}
{"timestamp":"2025-11-27T15:24:17.390189Z","level":"info","event":"Rows affected: 1","logger":"airflow.task.hooks.airflow.providers.postgres.hooks.postgres.PostgresHook","filename":"sql.py","lineno":822}
{"timestamp":"2025-11-27T15:24:17.398299Z","level":"info","event":"Running statement: \n    INSERT INTO inr_currency (date, currency_code, currency_name, rate, inverse_rate)\n    VALUES (%s, %s, %s, %s, %s)\n    , parameters: ('2025-11-27', 'USD', 'United States Dollar', 0.0112, 89.28571428571429)","logger":"airflow.task.hooks.airflow.providers.postgres.hooks.postgres.PostgresHook","filename":"sql.py","lineno":810}
{"timestamp":"2025-11-27T15:24:17.399458Z","level":"info","event":"Rows affected: 1","logger":"airflow.task.hooks.airflow.providers.postgres.hooks.postgres.PostgresHook","filename":"sql.py","lineno":822}
{"timestamp":"2025-11-27T15:24:17.407844Z","level":"info","event":"Running statement: \n    INSERT INTO inr_currency (date, currency_code, currency_name, rate, inverse_rate)\n    VALUES (%s, %s, %s, %s, %s)\n    , parameters: ('2025-11-27', 'ZAR', 'South African Rand', 0.1921, 5.205622071837585)","logger":"airflow.task.hooks.airflow.providers.postgres.hooks.postgres.PostgresHook","filename":"sql.py","lineno":810}
{"timestamp":"2025-11-27T15:24:17.409150Z","level":"info","event":"Rows affected: 1","logger":"airflow.task.hooks.airflow.providers.postgres.hooks.postgres.PostgresHook","filename":"sql.py","lineno":822}
{"timestamp":"2025-11-27T15:24:17.410674Z","level":"info","event":"Done. Returned value was: None","logger":"airflow.task.operators.airflow.providers.standard.operators.python.PythonOperator","filename":"python.py","lineno":215}
{"timestamp":"2025-11-27T15:24:17.424112Z","level":"info","event":"Task instance in success state","logger":"task.stdout"}
{"timestamp":"2025-11-27T15:24:17.424751Z","level":"info","event":" Previous state of the Task instance: TaskInstanceState.RUNNING","logger":"task.stdout"}
{"timestamp":"2025-11-27T15:24:17.425119Z","level":"info","event":"Task operator:<Task(PythonOperator): insert_currency_data>","logger":"task.stdout"}
