{"timestamp":"2025-12-01T18:58:33.379516Z","level":"info","event":"DAG bundles loaded: dags-folder, example_dags","logger":"airflow.dag_processing.bundles.manager.DagBundlesManager","filename":"manager.py","lineno":179}
{"timestamp":"2025-12-01T18:58:33.381744Z","level":"info","event":"Filling up the DagBag from /opt/airflow/dags/app.py","logger":"airflow.models.dagbag.DagBag","filename":"dagbag.py","lineno":593}
{"timestamp":"2025-12-01T18:58:33.473828Z","level":"warning","event":"The `airflow.operators.python.BranchPythonOperator` attribute is deprecated. Please use `'airflow.providers.standard.operators.python.BranchPythonOperator'`.","category":"DeprecatedImportWarning","filename":"/opt/airflow/dags/app.py","lineno":2,"logger":"py.warnings"}
{"timestamp":"2025-12-01T18:58:33.474159Z","level":"warning","event":"The `airflow.operators.empty.EmptyOperator` attribute is deprecated. Please use `'airflow.providers.standard.operators.empty.EmptyOperator'`.","category":"DeprecatedImportWarning","filename":"/opt/airflow/dags/app.py","lineno":3,"logger":"py.warnings"}
{"timestamp":"2025-12-01T18:58:33.536160Z","level":"info","event":"Task instance is in running state","logger":"task.stdout"}
{"timestamp":"2025-12-01T18:58:33.537074Z","level":"info","event":" Previous state of the Task instance: TaskInstanceState.QUEUED","logger":"task.stdout"}
{"timestamp":"2025-12-01T18:58:33.538050Z","level":"info","event":"Current task name:create_table","logger":"task.stdout"}
{"timestamp":"2025-12-01T18:58:33.538743Z","level":"info","event":"Dag name:extract_and_load_currency_data","logger":"task.stdout"}
{"timestamp":"2025-12-01T18:58:33.537264Z","level":"info","event":"Executing: \n    CREATE TABLE IF NOT EXISTS inr_currency (\n        id SERIAL PRIMARY KEY,\n        date DATE NOT NULL,\n        currency_code VARCHAR(10) NOT NULL,\n        rate NUMERIC(15,6),\n        inverse_rate NUMERIC(15,6),\n        timestamp TIMESTAMP DEFAULT NOW()\n\n        CONSTRAINT fk_currency_code\n        FOREIGN KEY (currency_code)\n        REFERENCES master_currency(currency_code)\n        ON UPDATE CASCADE\n        ON DELETE RESTRICT\n    );\n    ","logger":"airflow.task.operators.airflow.providers.postgres.operators.postgres.PostgresOperator","filename":"sql.py","lineno":309}
{"timestamp":"2025-12-01T18:58:33.573600Z","level":"warning","event":"Skipping masking for a secret as it's too short (<5 chars)","logger":"airflow.sdk._shared.secrets_masker.secrets_masker","filename":"secrets_masker.py","lineno":555}
{"timestamp":"2025-12-01T18:58:33.601863Z","level":"warning","event":"This setter is for backward compatibility and should not be used.\nSince the introduction of connection property, the providers listed below breaks due to assigning value to self.connection in their __init__ method.\n* apache-airflow-providers-mysql<5.7.1\n* apache-airflow-providers-elasticsearch<5.5.1\n* apache-airflow-providers-postgres<5.13.0","logger":"airflow.task.hooks.airflow.providers.postgres.hooks.postgres.PostgresHook","filename":"sql.py","lineno":249}
{"timestamp":"2025-12-01T18:58:33.713820Z","level":"info","event":"Running statement: \n    CREATE TABLE IF NOT EXISTS inr_currency (\n        id SERIAL PRIMARY KEY,\n        date DATE NOT NULL,\n        currency_code VARCHAR(10) NOT NULL,\n        rate NUMERIC(15,6),\n        inverse_rate NUMERIC(15,6),\n        timestamp TIMESTAMP DEFAULT NOW()\n\n        CONSTRAINT fk_currency_code\n        FOREIGN KEY (currency_code)\n        REFERENCES master_currency(currency_code)\n        ON UPDATE CASCADE\n        ON DELETE RESTRICT\n    );\n    , parameters: None","logger":"airflow.task.hooks.airflow.providers.postgres.hooks.postgres.PostgresHook","filename":"sql.py","lineno":810}
{"timestamp":"2025-12-01T18:58:33.719316Z","level":"error","event":"Task failed with exception","logger":"task","filename":"task_runner.py","lineno":1002,"error_detail":[{"exc_type":"SyntaxError","exc_value":"syntax error at or near \"FOREIGN\"\nLINE 11:         FOREIGN KEY (currency_code)\n                 ^\n","exc_notes":[],"syntax_error":null,"is_cause":false,"frames":[{"filename":"/home/airflow/.local/lib/python3.12/site-packages/airflow/sdk/execution_time/task_runner.py","lineno":928,"name":"run"},{"filename":"/home/airflow/.local/lib/python3.12/site-packages/airflow/sdk/execution_time/task_runner.py","lineno":1315,"name":"_execute_task"},{"filename":"/home/airflow/.local/lib/python3.12/site-packages/airflow/sdk/bases/operator.py","lineno":416,"name":"wrapper"},{"filename":"/home/airflow/.local/lib/python3.12/site-packages/airflow/providers/common/sql/operators/sql.py","lineno":315,"name":"execute"},{"filename":"/home/airflow/.local/lib/python3.12/site-packages/airflow/providers/common/sql/hooks/sql.py","lineno":767,"name":"run"},{"filename":"/home/airflow/.local/lib/python3.12/site-packages/airflow/providers/common/sql/hooks/sql.py","lineno":818,"name":"_run_command"}],"is_group":false,"exceptions":[]}]}
{"timestamp":"2025-12-01T18:58:33.788258Z","level":"info","event":"Task instance in failure state","logger":"task.stdout"}
{"timestamp":"2025-12-01T18:58:33.789828Z","level":"info","event":"Task start","logger":"task.stdout"}
{"timestamp":"2025-12-01T18:58:33.790636Z","level":"info","event":"Task:<Task(PostgresOperator): create_table>","logger":"task.stdout"}
{"timestamp":"2025-12-01T18:58:33.791345Z","level":"info","event":"Failure caused by syntax error at or near \"FOREIGN\"","logger":"task.stdout"}
{"timestamp":"2025-12-01T18:58:33.792382Z","level":"info","event":"LINE 11:         FOREIGN KEY (currency_code)","logger":"task.stdout"}
{"timestamp":"2025-12-01T18:58:33.793218Z","level":"info","event":"                 ^","logger":"task.stdout"}
{"timestamp":"2025-12-01T18:58:33.793849Z","level":"info","event":"","logger":"task.stdout"}
