{"timestamp":"2025-12-01T15:19:33.321863Z","level":"info","event":"DAG bundles loaded: dags-folder, example_dags","logger":"airflow.dag_processing.bundles.manager.DagBundlesManager","filename":"manager.py","lineno":179}
{"timestamp":"2025-12-01T15:19:33.323558Z","level":"info","event":"Filling up the DagBag from /opt/airflow/dags/app.py","logger":"airflow.models.dagbag.DagBag","filename":"dagbag.py","lineno":593}
{"timestamp":"2025-12-01T15:19:33.432811Z","level":"info","event":"Task instance is in running state","logger":"task.stdout"}
{"timestamp":"2025-12-01T15:19:33.433513Z","level":"info","event":" Previous state of the Task instance: TaskInstanceState.QUEUED","logger":"task.stdout"}
{"timestamp":"2025-12-01T15:19:33.434434Z","level":"info","event":"Current task name:insert_currency_data","logger":"task.stdout"}
{"timestamp":"2025-12-01T15:19:33.435030Z","level":"info","event":"Dag name:extract_and_load_currency_data","logger":"task.stdout"}
{"timestamp":"2025-12-01T15:19:33.488534Z","level":"warning","event":"This setter is for backward compatibility and should not be used.\nSince the introduction of connection property, the providers listed below breaks due to assigning value to self.connection in their __init__ method.\n* apache-airflow-providers-mysql<5.7.1\n* apache-airflow-providers-elasticsearch<5.5.1\n* apache-airflow-providers-postgres<5.13.0","logger":"airflow.task.hooks.airflow.providers.postgres.hooks.postgres.PostgresHook","filename":"sql.py","lineno":249}
{"timestamp":"2025-12-01T15:19:33.563596Z","level":"info","event":"Running statement: \n    INSERT INTO inr_currency (date, currency_code, currency_name, rate, inverse_rate)\n    VALUES (%s, %s, %s, %s, %s)\n    , parameters: ('2025-12-01', 'AUD', 'Australian Dollar', 0.017, 58.8235294117647)","logger":"airflow.task.hooks.airflow.providers.postgres.hooks.postgres.PostgresHook","filename":"sql.py","lineno":810}
{"timestamp":"2025-12-01T15:19:33.569782Z","level":"info","event":"Rows affected: 1","logger":"airflow.task.hooks.airflow.providers.postgres.hooks.postgres.PostgresHook","filename":"sql.py","lineno":822}
{"timestamp":"2025-12-01T15:19:33.649606Z","level":"info","event":"Running statement: \n    INSERT INTO inr_currency (date, currency_code, currency_name, rate, inverse_rate)\n    VALUES (%s, %s, %s, %s, %s)\n    , parameters: ('2025-12-01', 'BGN', 'Bulgarian Lev', 0.0188, 53.191489361702125)","logger":"airflow.task.hooks.airflow.providers.postgres.hooks.postgres.PostgresHook","filename":"sql.py","lineno":810}
{"timestamp":"2025-12-01T15:19:33.654744Z","level":"info","event":"Rows affected: 1","logger":"airflow.task.hooks.airflow.providers.postgres.hooks.postgres.PostgresHook","filename":"sql.py","lineno":822}
{"timestamp":"2025-12-01T15:19:33.733796Z","level":"info","event":"Running statement: \n    INSERT INTO inr_currency (date, currency_code, currency_name, rate, inverse_rate)\n    VALUES (%s, %s, %s, %s, %s)\n    , parameters: ('2025-12-01', 'BRL', 'Brazilian Real', 0.0597, 16.75041876046901)","logger":"airflow.task.hooks.airflow.providers.postgres.hooks.postgres.PostgresHook","filename":"sql.py","lineno":810}
{"timestamp":"2025-12-01T15:19:33.738854Z","level":"info","event":"Rows affected: 1","logger":"airflow.task.hooks.airflow.providers.postgres.hooks.postgres.PostgresHook","filename":"sql.py","lineno":822}
{"timestamp":"2025-12-01T15:19:33.816660Z","level":"info","event":"Running statement: \n    INSERT INTO inr_currency (date, currency_code, currency_name, rate, inverse_rate)\n    VALUES (%s, %s, %s, %s, %s)\n    , parameters: ('2025-12-01', 'CAD', 'Canadian Dollar', 0.0156, 64.1025641025641)","logger":"airflow.task.hooks.airflow.providers.postgres.hooks.postgres.PostgresHook","filename":"sql.py","lineno":810}
{"timestamp":"2025-12-01T15:19:33.821847Z","level":"info","event":"Rows affected: 1","logger":"airflow.task.hooks.airflow.providers.postgres.hooks.postgres.PostgresHook","filename":"sql.py","lineno":822}
{"timestamp":"2025-12-01T15:19:33.898866Z","level":"info","event":"Running statement: \n    INSERT INTO inr_currency (date, currency_code, currency_name, rate, inverse_rate)\n    VALUES (%s, %s, %s, %s, %s)\n    , parameters: ('2025-12-01', 'CHF', 'Swiss Franc', 0.0089, 112.35955056179776)","logger":"airflow.task.hooks.airflow.providers.postgres.hooks.postgres.PostgresHook","filename":"sql.py","lineno":810}
{"timestamp":"2025-12-01T15:19:33.904133Z","level":"info","event":"Rows affected: 1","logger":"airflow.task.hooks.airflow.providers.postgres.hooks.postgres.PostgresHook","filename":"sql.py","lineno":822}
{"timestamp":"2025-12-01T15:19:33.980041Z","level":"info","event":"Running statement: \n    INSERT INTO inr_currency (date, currency_code, currency_name, rate, inverse_rate)\n    VALUES (%s, %s, %s, %s, %s)\n    , parameters: ('2025-12-01', 'CNY', 'Chinese Yuan Renminbi', 0.079, 12.658227848101266)","logger":"airflow.task.hooks.airflow.providers.postgres.hooks.postgres.PostgresHook","filename":"sql.py","lineno":810}
{"timestamp":"2025-12-01T15:19:33.985030Z","level":"info","event":"Rows affected: 1","logger":"airflow.task.hooks.airflow.providers.postgres.hooks.postgres.PostgresHook","filename":"sql.py","lineno":822}
{"timestamp":"2025-12-01T15:19:34.161789Z","level":"info","event":"Running statement: \n    INSERT INTO inr_currency (date, currency_code, currency_name, rate, inverse_rate)\n    VALUES (%s, %s, %s, %s, %s)\n    , parameters: ('2025-12-01', 'CZK', 'Czech Koruna', 0.2319, 4.3122035360068995)","logger":"airflow.task.hooks.airflow.providers.postgres.hooks.postgres.PostgresHook","filename":"sql.py","lineno":810}
{"timestamp":"2025-12-01T15:19:34.166873Z","level":"info","event":"Rows affected: 1","logger":"airflow.task.hooks.airflow.providers.postgres.hooks.postgres.PostgresHook","filename":"sql.py","lineno":822}
{"timestamp":"2025-12-01T15:19:34.246426Z","level":"info","event":"Running statement: \n    INSERT INTO inr_currency (date, currency_code, currency_name, rate, inverse_rate)\n    VALUES (%s, %s, %s, %s, %s)\n    , parameters: ('2025-12-01', 'DKK', 'Danish Krone', 0.0716, 13.966480446927374)","logger":"airflow.task.hooks.airflow.providers.postgres.hooks.postgres.PostgresHook","filename":"sql.py","lineno":810}
{"timestamp":"2025-12-01T15:19:34.251794Z","level":"info","event":"Rows affected: 1","logger":"airflow.task.hooks.airflow.providers.postgres.hooks.postgres.PostgresHook","filename":"sql.py","lineno":822}
{"timestamp":"2025-12-01T15:19:34.325041Z","level":"info","event":"Running statement: \n    INSERT INTO inr_currency (date, currency_code, currency_name, rate, inverse_rate)\n    VALUES (%s, %s, %s, %s, %s)\n    , parameters: ('2025-12-01', 'EUR', 'Euro', 0.0096, 104.16666666666667)","logger":"airflow.task.hooks.airflow.providers.postgres.hooks.postgres.PostgresHook","filename":"sql.py","lineno":810}
{"timestamp":"2025-12-01T15:19:34.332138Z","level":"info","event":"Rows affected: 1","logger":"airflow.task.hooks.airflow.providers.postgres.hooks.postgres.PostgresHook","filename":"sql.py","lineno":822}
{"timestamp":"2025-12-01T15:19:34.406220Z","level":"info","event":"Running statement: \n    INSERT INTO inr_currency (date, currency_code, currency_name, rate, inverse_rate)\n    VALUES (%s, %s, %s, %s, %s)\n    , parameters: ('2025-12-01', 'GBP', 'British Pound Sterling', 0.0084, 119.04761904761905)","logger":"airflow.task.hooks.airflow.providers.postgres.hooks.postgres.PostgresHook","filename":"sql.py","lineno":810}
{"timestamp":"2025-12-01T15:19:34.412152Z","level":"info","event":"Rows affected: 1","logger":"airflow.task.hooks.airflow.providers.postgres.hooks.postgres.PostgresHook","filename":"sql.py","lineno":822}
{"timestamp":"2025-12-01T15:19:34.488039Z","level":"info","event":"Running statement: \n    INSERT INTO inr_currency (date, currency_code, currency_name, rate, inverse_rate)\n    VALUES (%s, %s, %s, %s, %s)\n    , parameters: ('2025-12-01', 'HKD', 'Hong Kong Dollar', 0.087, 11.49425287356322)","logger":"airflow.task.hooks.airflow.providers.postgres.hooks.postgres.PostgresHook","filename":"sql.py","lineno":810}
{"timestamp":"2025-12-01T15:19:34.493351Z","level":"info","event":"Rows affected: 1","logger":"airflow.task.hooks.airflow.providers.postgres.hooks.postgres.PostgresHook","filename":"sql.py","lineno":822}
{"timestamp":"2025-12-01T15:19:34.571320Z","level":"info","event":"Running statement: \n    INSERT INTO inr_currency (date, currency_code, currency_name, rate, inverse_rate)\n    VALUES (%s, %s, %s, %s, %s)\n    , parameters: ('2025-12-01', 'HUF', 'Hungarian Forint', 3.6501, 0.2739650968466617)","logger":"airflow.task.hooks.airflow.providers.postgres.hooks.postgres.PostgresHook","filename":"sql.py","lineno":810}
{"timestamp":"2025-12-01T15:19:34.577418Z","level":"info","event":"Rows affected: 1","logger":"airflow.task.hooks.airflow.providers.postgres.hooks.postgres.PostgresHook","filename":"sql.py","lineno":822}
{"timestamp":"2025-12-01T15:19:34.651600Z","level":"info","event":"Running statement: \n    INSERT INTO inr_currency (date, currency_code, currency_name, rate, inverse_rate)\n    VALUES (%s, %s, %s, %s, %s)\n    , parameters: ('2025-12-01', 'IDR', 'Indonesian Rupiah', 185.2731, 0.005397437620464061)","logger":"airflow.task.hooks.airflow.providers.postgres.hooks.postgres.PostgresHook","filename":"sql.py","lineno":810}
{"timestamp":"2025-12-01T15:19:34.657477Z","level":"info","event":"Rows affected: 1","logger":"airflow.task.hooks.airflow.providers.postgres.hooks.postgres.PostgresHook","filename":"sql.py","lineno":822}
{"timestamp":"2025-12-01T15:19:34.735323Z","level":"info","event":"Running statement: \n    INSERT INTO inr_currency (date, currency_code, currency_name, rate, inverse_rate)\n    VALUES (%s, %s, %s, %s, %s)\n    , parameters: ('2025-12-01', 'ILS', 'Israeli Shekel', 0.0365, 27.397260273972606)","logger":"airflow.task.hooks.airflow.providers.postgres.hooks.postgres.PostgresHook","filename":"sql.py","lineno":810}
{"timestamp":"2025-12-01T15:19:34.740924Z","level":"info","event":"Rows affected: 1","logger":"airflow.task.hooks.airflow.providers.postgres.hooks.postgres.PostgresHook","filename":"sql.py","lineno":822}
{"timestamp":"2025-12-01T15:19:34.816564Z","level":"info","event":"Running statement: \n    INSERT INTO inr_currency (date, currency_code, currency_name, rate, inverse_rate)\n    VALUES (%s, %s, %s, %s, %s)\n    , parameters: ('2025-12-01', 'INR', 'Indian Rupee', 1.0, 1.0)","logger":"airflow.task.hooks.airflow.providers.postgres.hooks.postgres.PostgresHook","filename":"sql.py","lineno":810}
{"timestamp":"2025-12-01T15:19:34.822612Z","level":"info","event":"Rows affected: 1","logger":"airflow.task.hooks.airflow.providers.postgres.hooks.postgres.PostgresHook","filename":"sql.py","lineno":822}
{"timestamp":"2025-12-01T15:19:34.892193Z","level":"info","event":"Running statement: \n    INSERT INTO inr_currency (date, currency_code, currency_name, rate, inverse_rate)\n    VALUES (%s, %s, %s, %s, %s)\n    , parameters: ('2025-12-01', 'ISK', 'Icelandic Krona', 1.4231, 0.7026913077085236)","logger":"airflow.task.hooks.airflow.providers.postgres.hooks.postgres.PostgresHook","filename":"sql.py","lineno":810}
{"timestamp":"2025-12-01T15:19:34.897265Z","level":"info","event":"Rows affected: 1","logger":"airflow.task.hooks.airflow.providers.postgres.hooks.postgres.PostgresHook","filename":"sql.py","lineno":822}
{"timestamp":"2025-12-01T15:19:34.970557Z","level":"info","event":"Running statement: \n    INSERT INTO inr_currency (date, currency_code, currency_name, rate, inverse_rate)\n    VALUES (%s, %s, %s, %s, %s)\n    , parameters: ('2025-12-01', 'JPY', 'Japanese Yen', 1.7288, 0.5784359093012494)","logger":"airflow.task.hooks.airflow.providers.postgres.hooks.postgres.PostgresHook","filename":"sql.py","lineno":810}
{"timestamp":"2025-12-01T15:19:34.976537Z","level":"info","event":"Rows affected: 1","logger":"airflow.task.hooks.airflow.providers.postgres.hooks.postgres.PostgresHook","filename":"sql.py","lineno":822}
{"timestamp":"2025-12-01T15:19:35.160307Z","level":"info","event":"Running statement: \n    INSERT INTO inr_currency (date, currency_code, currency_name, rate, inverse_rate)\n    VALUES (%s, %s, %s, %s, %s)\n    , parameters: ('2025-12-01', 'KRW', 'South Korean Won', 16.3624, 0.06111572874394954)","logger":"airflow.task.hooks.airflow.providers.postgres.hooks.postgres.PostgresHook","filename":"sql.py","lineno":810}
{"timestamp":"2025-12-01T15:19:35.165502Z","level":"info","event":"Rows affected: 1","logger":"airflow.task.hooks.airflow.providers.postgres.hooks.postgres.PostgresHook","filename":"sql.py","lineno":822}
{"timestamp":"2025-12-01T15:19:35.362994Z","level":"info","event":"Running statement: \n    INSERT INTO inr_currency (date, currency_code, currency_name, rate, inverse_rate)\n    VALUES (%s, %s, %s, %s, %s)\n    , parameters: ('2025-12-01', 'MXN', 'Mexican Peso', 0.2041, 4.899559039686428)","logger":"airflow.task.hooks.airflow.providers.postgres.hooks.postgres.PostgresHook","filename":"sql.py","lineno":810}
{"timestamp":"2025-12-01T15:19:35.368331Z","level":"info","event":"Rows affected: 1","logger":"airflow.task.hooks.airflow.providers.postgres.hooks.postgres.PostgresHook","filename":"sql.py","lineno":822}
{"timestamp":"2025-12-01T15:19:35.444031Z","level":"info","event":"Running statement: \n    INSERT INTO inr_currency (date, currency_code, currency_name, rate, inverse_rate)\n    VALUES (%s, %s, %s, %s, %s)\n    , parameters: ('2025-12-01', 'MYR', 'Malaysian Ringgit', 0.0461, 21.691973969631235)","logger":"airflow.task.hooks.airflow.providers.postgres.hooks.postgres.PostgresHook","filename":"sql.py","lineno":810}
{"timestamp":"2025-12-01T15:19:35.449530Z","level":"info","event":"Rows affected: 1","logger":"airflow.task.hooks.airflow.providers.postgres.hooks.postgres.PostgresHook","filename":"sql.py","lineno":822}
{"timestamp":"2025-12-01T15:19:35.520944Z","level":"info","event":"Running statement: \n    INSERT INTO inr_currency (date, currency_code, currency_name, rate, inverse_rate)\n    VALUES (%s, %s, %s, %s, %s)\n    , parameters: ('2025-12-01', 'NOK', 'Norwegian Krone', 0.1129, 8.857395925597874)","logger":"airflow.task.hooks.airflow.providers.postgres.hooks.postgres.PostgresHook","filename":"sql.py","lineno":810}
{"timestamp":"2025-12-01T15:19:35.526598Z","level":"info","event":"Rows affected: 1","logger":"airflow.task.hooks.airflow.providers.postgres.hooks.postgres.PostgresHook","filename":"sql.py","lineno":822}
{"timestamp":"2025-12-01T15:19:35.603206Z","level":"info","event":"Running statement: \n    INSERT INTO inr_currency (date, currency_code, currency_name, rate, inverse_rate)\n    VALUES (%s, %s, %s, %s, %s)\n    , parameters: ('2025-12-01', 'NZD', 'New Zealand Dollar', 0.0194, 51.54639175257732)","logger":"airflow.task.hooks.airflow.providers.postgres.hooks.postgres.PostgresHook","filename":"sql.py","lineno":810}
{"timestamp":"2025-12-01T15:19:35.608614Z","level":"info","event":"Rows affected: 1","logger":"airflow.task.hooks.airflow.providers.postgres.hooks.postgres.PostgresHook","filename":"sql.py","lineno":822}
{"timestamp":"2025-12-01T15:19:35.692678Z","level":"info","event":"Running statement: \n    INSERT INTO inr_currency (date, currency_code, currency_name, rate, inverse_rate)\n    VALUES (%s, %s, %s, %s, %s)\n    , parameters: ('2025-12-01', 'PHP', 'Philippine Peso', 0.6531, 1.5311590874291838)","logger":"airflow.task.hooks.airflow.providers.postgres.hooks.postgres.PostgresHook","filename":"sql.py","lineno":810}
{"timestamp":"2025-12-01T15:19:35.697773Z","level":"info","event":"Rows affected: 1","logger":"airflow.task.hooks.airflow.providers.postgres.hooks.postgres.PostgresHook","filename":"sql.py","lineno":822}
{"timestamp":"2025-12-01T15:19:35.768854Z","level":"info","event":"Running statement: \n    INSERT INTO inr_currency (date, currency_code, currency_name, rate, inverse_rate)\n    VALUES (%s, %s, %s, %s, %s)\n    , parameters: ('2025-12-01', 'PLN', 'Polish Zloty', 0.0405, 24.691358024691358)","logger":"airflow.task.hooks.airflow.providers.postgres.hooks.postgres.PostgresHook","filename":"sql.py","lineno":810}
{"timestamp":"2025-12-01T15:19:35.774410Z","level":"info","event":"Rows affected: 1","logger":"airflow.task.hooks.airflow.providers.postgres.hooks.postgres.PostgresHook","filename":"sql.py","lineno":822}
{"timestamp":"2025-12-01T15:19:35.958640Z","level":"info","event":"Running statement: \n    INSERT INTO inr_currency (date, currency_code, currency_name, rate, inverse_rate)\n    VALUES (%s, %s, %s, %s, %s)\n    , parameters: ('2025-12-01', 'RON', 'Romanian Leu', 0.0488, 20.491803278688522)","logger":"airflow.task.hooks.airflow.providers.postgres.hooks.postgres.PostgresHook","filename":"sql.py","lineno":810}
{"timestamp":"2025-12-01T15:19:35.963509Z","level":"info","event":"Rows affected: 1","logger":"airflow.task.hooks.airflow.providers.postgres.hooks.postgres.PostgresHook","filename":"sql.py","lineno":822}
{"timestamp":"2025-12-01T15:19:36.032586Z","level":"info","event":"Running statement: \n    INSERT INTO inr_currency (date, currency_code, currency_name, rate, inverse_rate)\n    VALUES (%s, %s, %s, %s, %s)\n    , parameters: ('2025-12-01', 'SEK', 'Swedish Krona', 0.1051, 9.514747859181732)","logger":"airflow.task.hooks.airflow.providers.postgres.hooks.postgres.PostgresHook","filename":"sql.py","lineno":810}
{"timestamp":"2025-12-01T15:19:36.037597Z","level":"info","event":"Rows affected: 1","logger":"airflow.task.hooks.airflow.providers.postgres.hooks.postgres.PostgresHook","filename":"sql.py","lineno":822}
{"timestamp":"2025-12-01T15:19:36.213696Z","level":"info","event":"Running statement: \n    INSERT INTO inr_currency (date, currency_code, currency_name, rate, inverse_rate)\n    VALUES (%s, %s, %s, %s, %s)\n    , parameters: ('2025-12-01', 'SGD', 'Singapore Dollar', 0.0144, 69.44444444444444)","logger":"airflow.task.hooks.airflow.providers.postgres.hooks.postgres.PostgresHook","filename":"sql.py","lineno":810}
{"timestamp":"2025-12-01T15:19:36.218859Z","level":"info","event":"Rows affected: 1","logger":"airflow.task.hooks.airflow.providers.postgres.hooks.postgres.PostgresHook","filename":"sql.py","lineno":822}
{"timestamp":"2025-12-01T15:19:36.282686Z","level":"info","event":"Running statement: \n    INSERT INTO inr_currency (date, currency_code, currency_name, rate, inverse_rate)\n    VALUES (%s, %s, %s, %s, %s)\n    , parameters: ('2025-12-01', 'THB', 'Thai Baht', 0.3566, 2.8042624789680315)","logger":"airflow.task.hooks.airflow.providers.postgres.hooks.postgres.PostgresHook","filename":"sql.py","lineno":810}
{"timestamp":"2025-12-01T15:19:36.287600Z","level":"info","event":"Rows affected: 1","logger":"airflow.task.hooks.airflow.providers.postgres.hooks.postgres.PostgresHook","filename":"sql.py","lineno":822}
{"timestamp":"2025-12-01T15:19:36.347350Z","level":"info","event":"Running statement: \n    INSERT INTO inr_currency (date, currency_code, currency_name, rate, inverse_rate)\n    VALUES (%s, %s, %s, %s, %s)\n    , parameters: ('2025-12-01', 'TRY', 'Turkish Lira', 0.4741, 2.109259649862898)","logger":"airflow.task.hooks.airflow.providers.postgres.hooks.postgres.PostgresHook","filename":"sql.py","lineno":810}
{"timestamp":"2025-12-01T15:19:36.351975Z","level":"info","event":"Rows affected: 1","logger":"airflow.task.hooks.airflow.providers.postgres.hooks.postgres.PostgresHook","filename":"sql.py","lineno":822}
{"timestamp":"2025-12-01T15:19:36.409841Z","level":"info","event":"Running statement: \n    INSERT INTO inr_currency (date, currency_code, currency_name, rate, inverse_rate)\n    VALUES (%s, %s, %s, %s, %s)\n    , parameters: ('2025-12-01', 'USD', 'United States Dollar', 0.0112, 89.28571428571429)","logger":"airflow.task.hooks.airflow.providers.postgres.hooks.postgres.PostgresHook","filename":"sql.py","lineno":810}
{"timestamp":"2025-12-01T15:19:36.414186Z","level":"info","event":"Rows affected: 1","logger":"airflow.task.hooks.airflow.providers.postgres.hooks.postgres.PostgresHook","filename":"sql.py","lineno":822}
{"timestamp":"2025-12-01T15:19:36.471227Z","level":"info","event":"Running statement: \n    INSERT INTO inr_currency (date, currency_code, currency_name, rate, inverse_rate)\n    VALUES (%s, %s, %s, %s, %s)\n    , parameters: ('2025-12-01', 'ZAR', 'South African Rand', 0.1907, 5.2438384897745145)","logger":"airflow.task.hooks.airflow.providers.postgres.hooks.postgres.PostgresHook","filename":"sql.py","lineno":810}
{"timestamp":"2025-12-01T15:19:36.475579Z","level":"info","event":"Rows affected: 1","logger":"airflow.task.hooks.airflow.providers.postgres.hooks.postgres.PostgresHook","filename":"sql.py","lineno":822}
{"timestamp":"2025-12-01T15:19:36.478667Z","level":"info","event":"Done. Returned value was: None","logger":"airflow.task.operators.airflow.providers.standard.operators.python.PythonOperator","filename":"python.py","lineno":215}
{"timestamp":"2025-12-01T15:19:36.503659Z","level":"info","event":"Task instance in success state","logger":"task.stdout"}
{"timestamp":"2025-12-01T15:19:36.504197Z","level":"info","event":" Previous state of the Task instance: TaskInstanceState.RUNNING","logger":"task.stdout"}
{"timestamp":"2025-12-01T15:19:36.504624Z","level":"info","event":"Task operator:<Task(PythonOperator): insert_currency_data>","logger":"task.stdout"}
