{"timestamp":"2025-12-01T11:44:46.284225Z","level":"info","event":"DAG bundles loaded: dags-folder, example_dags","logger":"airflow.dag_processing.bundles.manager.DagBundlesManager","filename":"manager.py","lineno":179}
{"timestamp":"2025-12-01T11:44:46.285616Z","level":"info","event":"Filling up the DagBag from /opt/airflow/dags/app.py","logger":"airflow.models.dagbag.DagBag","filename":"dagbag.py","lineno":593}
{"timestamp":"2025-12-01T11:44:46.347924Z","level":"info","event":"Task instance is in running state","logger":"task.stdout"}
{"timestamp":"2025-12-01T11:44:46.348356Z","level":"info","event":" Previous state of the Task instance: TaskInstanceState.QUEUED","logger":"task.stdout"}
{"timestamp":"2025-12-01T11:44:46.348800Z","level":"info","event":"Current task name:insert_currency_data","logger":"task.stdout"}
{"timestamp":"2025-12-01T11:44:46.349022Z","level":"info","event":"Dag name:extract_and_load_currency_data","logger":"task.stdout"}
{"timestamp":"2025-12-01T11:44:46.375757Z","level":"warning","event":"This setter is for backward compatibility and should not be used.\nSince the introduction of connection property, the providers listed below breaks due to assigning value to self.connection in their __init__ method.\n* apache-airflow-providers-mysql<5.7.1\n* apache-airflow-providers-elasticsearch<5.5.1\n* apache-airflow-providers-postgres<5.13.0","logger":"airflow.task.hooks.airflow.providers.postgres.hooks.postgres.PostgresHook","filename":"sql.py","lineno":249}
{"timestamp":"2025-12-01T11:44:46.415528Z","level":"info","event":"Running statement: \n    INSERT INTO inr_currency (date, currency_code, currency_name, rate, inverse_rate)\n    VALUES (%s, %s, %s, %s, %s)\n    , parameters: ('2025-11-30', 'AUD', 'Australian Dollar', 0.0171, 58.47953216374269)","logger":"airflow.task.hooks.airflow.providers.postgres.hooks.postgres.PostgresHook","filename":"sql.py","lineno":810}
{"timestamp":"2025-12-01T11:44:46.419871Z","level":"info","event":"Rows affected: 1","logger":"airflow.task.hooks.airflow.providers.postgres.hooks.postgres.PostgresHook","filename":"sql.py","lineno":822}
{"timestamp":"2025-12-01T11:44:46.461393Z","level":"info","event":"Running statement: \n    INSERT INTO inr_currency (date, currency_code, currency_name, rate, inverse_rate)\n    VALUES (%s, %s, %s, %s, %s)\n    , parameters: ('2025-11-30', 'BGN', 'Bulgarian Lev', 0.0189, 52.91005291005291)","logger":"airflow.task.hooks.airflow.providers.postgres.hooks.postgres.PostgresHook","filename":"sql.py","lineno":810}
{"timestamp":"2025-12-01T11:44:46.463869Z","level":"info","event":"Rows affected: 1","logger":"airflow.task.hooks.airflow.providers.postgres.hooks.postgres.PostgresHook","filename":"sql.py","lineno":822}
{"timestamp":"2025-12-01T11:44:46.508396Z","level":"info","event":"Running statement: \n    INSERT INTO inr_currency (date, currency_code, currency_name, rate, inverse_rate)\n    VALUES (%s, %s, %s, %s, %s)\n    , parameters: ('2025-11-30', 'BRL', 'Brazilian Real', 0.0597, 16.75041876046901)","logger":"airflow.task.hooks.airflow.providers.postgres.hooks.postgres.PostgresHook","filename":"sql.py","lineno":810}
{"timestamp":"2025-12-01T11:44:46.511692Z","level":"info","event":"Rows affected: 1","logger":"airflow.task.hooks.airflow.providers.postgres.hooks.postgres.PostgresHook","filename":"sql.py","lineno":822}
{"timestamp":"2025-12-01T11:44:46.559210Z","level":"info","event":"Running statement: \n    INSERT INTO inr_currency (date, currency_code, currency_name, rate, inverse_rate)\n    VALUES (%s, %s, %s, %s, %s)\n    , parameters: ('2025-11-30', 'CAD', 'Canadian Dollar', 0.0157, 63.69426751592357)","logger":"airflow.task.hooks.airflow.providers.postgres.hooks.postgres.PostgresHook","filename":"sql.py","lineno":810}
{"timestamp":"2025-12-01T11:44:46.562226Z","level":"info","event":"Rows affected: 1","logger":"airflow.task.hooks.airflow.providers.postgres.hooks.postgres.PostgresHook","filename":"sql.py","lineno":822}
{"timestamp":"2025-12-01T11:44:46.607121Z","level":"info","event":"Running statement: \n    INSERT INTO inr_currency (date, currency_code, currency_name, rate, inverse_rate)\n    VALUES (%s, %s, %s, %s, %s)\n    , parameters: ('2025-11-30', 'CHF', 'Swiss Franc', 0.009, 111.11111111111111)","logger":"airflow.task.hooks.airflow.providers.postgres.hooks.postgres.PostgresHook","filename":"sql.py","lineno":810}
{"timestamp":"2025-12-01T11:44:46.609775Z","level":"info","event":"Rows affected: 1","logger":"airflow.task.hooks.airflow.providers.postgres.hooks.postgres.PostgresHook","filename":"sql.py","lineno":822}
{"timestamp":"2025-12-01T11:44:46.651190Z","level":"info","event":"Running statement: \n    INSERT INTO inr_currency (date, currency_code, currency_name, rate, inverse_rate)\n    VALUES (%s, %s, %s, %s, %s)\n    , parameters: ('2025-11-30', 'CNY', 'Chinese Yuan Renminbi', 0.0791, 12.642225031605562)","logger":"airflow.task.hooks.airflow.providers.postgres.hooks.postgres.PostgresHook","filename":"sql.py","lineno":810}
{"timestamp":"2025-12-01T11:44:46.654193Z","level":"info","event":"Rows affected: 1","logger":"airflow.task.hooks.airflow.providers.postgres.hooks.postgres.PostgresHook","filename":"sql.py","lineno":822}
{"timestamp":"2025-12-01T11:44:46.699010Z","level":"info","event":"Running statement: \n    INSERT INTO inr_currency (date, currency_code, currency_name, rate, inverse_rate)\n    VALUES (%s, %s, %s, %s, %s)\n    , parameters: ('2025-11-30', 'CZK', 'Czech Koruna', 0.2336, 4.280821917808219)","logger":"airflow.task.hooks.airflow.providers.postgres.hooks.postgres.PostgresHook","filename":"sql.py","lineno":810}
{"timestamp":"2025-12-01T11:44:46.702040Z","level":"info","event":"Rows affected: 1","logger":"airflow.task.hooks.airflow.providers.postgres.hooks.postgres.PostgresHook","filename":"sql.py","lineno":822}
{"timestamp":"2025-12-01T11:44:46.741949Z","level":"info","event":"Running statement: \n    INSERT INTO inr_currency (date, currency_code, currency_name, rate, inverse_rate)\n    VALUES (%s, %s, %s, %s, %s)\n    , parameters: ('2025-11-30', 'DKK', 'Danish Krone', 0.0722, 13.850415512465373)","logger":"airflow.task.hooks.airflow.providers.postgres.hooks.postgres.PostgresHook","filename":"sql.py","lineno":810}
{"timestamp":"2025-12-01T11:44:46.745002Z","level":"info","event":"Rows affected: 1","logger":"airflow.task.hooks.airflow.providers.postgres.hooks.postgres.PostgresHook","filename":"sql.py","lineno":822}
{"timestamp":"2025-12-01T11:44:46.790114Z","level":"info","event":"Running statement: \n    INSERT INTO inr_currency (date, currency_code, currency_name, rate, inverse_rate)\n    VALUES (%s, %s, %s, %s, %s)\n    , parameters: ('2025-11-30', 'EUR', 'Euro', 0.0097, 103.09278350515464)","logger":"airflow.task.hooks.airflow.providers.postgres.hooks.postgres.PostgresHook","filename":"sql.py","lineno":810}
{"timestamp":"2025-12-01T11:44:46.792846Z","level":"info","event":"Rows affected: 1","logger":"airflow.task.hooks.airflow.providers.postgres.hooks.postgres.PostgresHook","filename":"sql.py","lineno":822}
{"timestamp":"2025-12-01T11:44:46.872212Z","level":"info","event":"Running statement: \n    INSERT INTO inr_currency (date, currency_code, currency_name, rate, inverse_rate)\n    VALUES (%s, %s, %s, %s, %s)\n    , parameters: ('2025-11-30', 'GBP', 'British Pound Sterling', 0.0085, 117.6470588235294)","logger":"airflow.task.hooks.airflow.providers.postgres.hooks.postgres.PostgresHook","filename":"sql.py","lineno":810}
{"timestamp":"2025-12-01T11:44:46.876705Z","level":"info","event":"Rows affected: 1","logger":"airflow.task.hooks.airflow.providers.postgres.hooks.postgres.PostgresHook","filename":"sql.py","lineno":822}
{"timestamp":"2025-12-01T11:44:47.029776Z","level":"info","event":"Running statement: \n    INSERT INTO inr_currency (date, currency_code, currency_name, rate, inverse_rate)\n    VALUES (%s, %s, %s, %s, %s)\n    , parameters: ('2025-11-30', 'HKD', 'Hong Kong Dollar', 0.087, 11.49425287356322)","logger":"airflow.task.hooks.airflow.providers.postgres.hooks.postgres.PostgresHook","filename":"sql.py","lineno":810}
{"timestamp":"2025-12-01T11:44:47.032750Z","level":"info","event":"Rows affected: 1","logger":"airflow.task.hooks.airflow.providers.postgres.hooks.postgres.PostgresHook","filename":"sql.py","lineno":822}
{"timestamp":"2025-12-01T11:44:47.074176Z","level":"info","event":"Running statement: \n    INSERT INTO inr_currency (date, currency_code, currency_name, rate, inverse_rate)\n    VALUES (%s, %s, %s, %s, %s)\n    , parameters: ('2025-11-30', 'HUF', 'Hungarian Forint', 3.6857, 0.2713188810809344)","logger":"airflow.task.hooks.airflow.providers.postgres.hooks.postgres.PostgresHook","filename":"sql.py","lineno":810}
{"timestamp":"2025-12-01T11:44:47.076618Z","level":"info","event":"Rows affected: 1","logger":"airflow.task.hooks.airflow.providers.postgres.hooks.postgres.PostgresHook","filename":"sql.py","lineno":822}
{"timestamp":"2025-12-01T11:44:47.117446Z","level":"info","event":"Running statement: \n    INSERT INTO inr_currency (date, currency_code, currency_name, rate, inverse_rate)\n    VALUES (%s, %s, %s, %s, %s)\n    , parameters: ('2025-11-30', 'IDR', 'Indonesian Rupiah', 186.1917, 0.005370808688034966)","logger":"airflow.task.hooks.airflow.providers.postgres.hooks.postgres.PostgresHook","filename":"sql.py","lineno":810}
{"timestamp":"2025-12-01T11:44:47.120430Z","level":"info","event":"Rows affected: 1","logger":"airflow.task.hooks.airflow.providers.postgres.hooks.postgres.PostgresHook","filename":"sql.py","lineno":822}
{"timestamp":"2025-12-01T11:44:47.164614Z","level":"info","event":"Running statement: \n    INSERT INTO inr_currency (date, currency_code, currency_name, rate, inverse_rate)\n    VALUES (%s, %s, %s, %s, %s)\n    , parameters: ('2025-11-30', 'ILS', 'Israeli Shekel', 0.0364, 27.47252747252747)","logger":"airflow.task.hooks.airflow.providers.postgres.hooks.postgres.PostgresHook","filename":"sql.py","lineno":810}
{"timestamp":"2025-12-01T11:44:47.168004Z","level":"info","event":"Rows affected: 1","logger":"airflow.task.hooks.airflow.providers.postgres.hooks.postgres.PostgresHook","filename":"sql.py","lineno":822}
{"timestamp":"2025-12-01T11:44:47.213157Z","level":"info","event":"Running statement: \n    INSERT INTO inr_currency (date, currency_code, currency_name, rate, inverse_rate)\n    VALUES (%s, %s, %s, %s, %s)\n    , parameters: ('2025-11-30', 'INR', 'Indian Rupee', 1.0, 1.0)","logger":"airflow.task.hooks.airflow.providers.postgres.hooks.postgres.PostgresHook","filename":"sql.py","lineno":810}
{"timestamp":"2025-12-01T11:44:47.215730Z","level":"info","event":"Rows affected: 1","logger":"airflow.task.hooks.airflow.providers.postgres.hooks.postgres.PostgresHook","filename":"sql.py","lineno":822}
{"timestamp":"2025-12-01T11:44:47.380352Z","level":"info","event":"Running statement: \n    INSERT INTO inr_currency (date, currency_code, currency_name, rate, inverse_rate)\n    VALUES (%s, %s, %s, %s, %s)\n    , parameters: ('2025-11-30', 'ISK', 'Icelandic Krona', 1.432, 0.6983240223463687)","logger":"airflow.task.hooks.airflow.providers.postgres.hooks.postgres.PostgresHook","filename":"sql.py","lineno":810}
{"timestamp":"2025-12-01T11:44:47.384846Z","level":"info","event":"Rows affected: 1","logger":"airflow.task.hooks.airflow.providers.postgres.hooks.postgres.PostgresHook","filename":"sql.py","lineno":822}
{"timestamp":"2025-12-01T11:44:47.540095Z","level":"info","event":"Running statement: \n    INSERT INTO inr_currency (date, currency_code, currency_name, rate, inverse_rate)\n    VALUES (%s, %s, %s, %s, %s)\n    , parameters: ('2025-11-30', 'JPY', 'Japanese Yen', 1.7448, 0.5731315910132967)","logger":"airflow.task.hooks.airflow.providers.postgres.hooks.postgres.PostgresHook","filename":"sql.py","lineno":810}
{"timestamp":"2025-12-01T11:44:47.543163Z","level":"info","event":"Rows affected: 1","logger":"airflow.task.hooks.airflow.providers.postgres.hooks.postgres.PostgresHook","filename":"sql.py","lineno":822}
{"timestamp":"2025-12-01T11:44:47.702789Z","level":"info","event":"Running statement: \n    INSERT INTO inr_currency (date, currency_code, currency_name, rate, inverse_rate)\n    VALUES (%s, %s, %s, %s, %s)\n    , parameters: ('2025-11-30', 'KRW', 'South Korean Won', 16.4248, 0.060883541960937114)","logger":"airflow.task.hooks.airflow.providers.postgres.hooks.postgres.PostgresHook","filename":"sql.py","lineno":810}
{"timestamp":"2025-12-01T11:44:47.706977Z","level":"info","event":"Rows affected: 1","logger":"airflow.task.hooks.airflow.providers.postgres.hooks.postgres.PostgresHook","filename":"sql.py","lineno":822}
{"timestamp":"2025-12-01T11:44:47.755467Z","level":"info","event":"Running statement: \n    INSERT INTO inr_currency (date, currency_code, currency_name, rate, inverse_rate)\n    VALUES (%s, %s, %s, %s, %s)\n    , parameters: ('2025-11-30', 'MXN', 'Mexican Peso', 0.205, 4.878048780487805)","logger":"airflow.task.hooks.airflow.providers.postgres.hooks.postgres.PostgresHook","filename":"sql.py","lineno":810}
{"timestamp":"2025-12-01T11:44:47.758773Z","level":"info","event":"Rows affected: 1","logger":"airflow.task.hooks.airflow.providers.postgres.hooks.postgres.PostgresHook","filename":"sql.py","lineno":822}
{"timestamp":"2025-12-01T11:44:47.808934Z","level":"info","event":"Running statement: \n    INSERT INTO inr_currency (date, currency_code, currency_name, rate, inverse_rate)\n    VALUES (%s, %s, %s, %s, %s)\n    , parameters: ('2025-11-30', 'MYR', 'Malaysian Ringgit', 0.0462, 21.645021645021647)","logger":"airflow.task.hooks.airflow.providers.postgres.hooks.postgres.PostgresHook","filename":"sql.py","lineno":810}
{"timestamp":"2025-12-01T11:44:47.812851Z","level":"info","event":"Rows affected: 1","logger":"airflow.task.hooks.airflow.providers.postgres.hooks.postgres.PostgresHook","filename":"sql.py","lineno":822}
{"timestamp":"2025-12-01T11:44:47.861633Z","level":"info","event":"Running statement: \n    INSERT INTO inr_currency (date, currency_code, currency_name, rate, inverse_rate)\n    VALUES (%s, %s, %s, %s, %s)\n    , parameters: ('2025-11-30', 'NOK', 'Norwegian Krone', 0.1137, 8.795074758135444)","logger":"airflow.task.hooks.airflow.providers.postgres.hooks.postgres.PostgresHook","filename":"sql.py","lineno":810}
{"timestamp":"2025-12-01T11:44:47.865168Z","level":"info","event":"Rows affected: 1","logger":"airflow.task.hooks.airflow.providers.postgres.hooks.postgres.PostgresHook","filename":"sql.py","lineno":822}
{"timestamp":"2025-12-01T11:44:47.913690Z","level":"info","event":"Running statement: \n    INSERT INTO inr_currency (date, currency_code, currency_name, rate, inverse_rate)\n    VALUES (%s, %s, %s, %s, %s)\n    , parameters: ('2025-11-30', 'NZD', 'New Zealand Dollar', 0.0196, 51.02040816326531)","logger":"airflow.task.hooks.airflow.providers.postgres.hooks.postgres.PostgresHook","filename":"sql.py","lineno":810}
{"timestamp":"2025-12-01T11:44:47.916766Z","level":"info","event":"Rows affected: 1","logger":"airflow.task.hooks.airflow.providers.postgres.hooks.postgres.PostgresHook","filename":"sql.py","lineno":822}
{"timestamp":"2025-12-01T11:44:48.078418Z","level":"info","event":"Running statement: \n    INSERT INTO inr_currency (date, currency_code, currency_name, rate, inverse_rate)\n    VALUES (%s, %s, %s, %s, %s)\n    , parameters: ('2025-11-30', 'PHP', 'Philippine Peso', 0.6556, 1.525320317266626)","logger":"airflow.task.hooks.airflow.providers.postgres.hooks.postgres.PostgresHook","filename":"sql.py","lineno":810}
{"timestamp":"2025-12-01T11:44:48.082449Z","level":"info","event":"Rows affected: 1","logger":"airflow.task.hooks.airflow.providers.postgres.hooks.postgres.PostgresHook","filename":"sql.py","lineno":822}
{"timestamp":"2025-12-01T11:44:48.139323Z","level":"info","event":"Running statement: \n    INSERT INTO inr_currency (date, currency_code, currency_name, rate, inverse_rate)\n    VALUES (%s, %s, %s, %s, %s)\n    , parameters: ('2025-11-30', 'PLN', 'Polish Zloty', 0.041, 24.390243902439025)","logger":"airflow.task.hooks.airflow.providers.postgres.hooks.postgres.PostgresHook","filename":"sql.py","lineno":810}
{"timestamp":"2025-12-01T11:44:48.143183Z","level":"info","event":"Rows affected: 1","logger":"airflow.task.hooks.airflow.providers.postgres.hooks.postgres.PostgresHook","filename":"sql.py","lineno":822}
{"timestamp":"2025-12-01T11:44:48.192861Z","level":"info","event":"Running statement: \n    INSERT INTO inr_currency (date, currency_code, currency_name, rate, inverse_rate)\n    VALUES (%s, %s, %s, %s, %s)\n    , parameters: ('2025-11-30', 'RON', 'Romanian Leu', 0.0492, 20.32520325203252)","logger":"airflow.task.hooks.airflow.providers.postgres.hooks.postgres.PostgresHook","filename":"sql.py","lineno":810}
{"timestamp":"2025-12-01T11:44:48.196076Z","level":"info","event":"Rows affected: 1","logger":"airflow.task.hooks.airflow.providers.postgres.hooks.postgres.PostgresHook","filename":"sql.py","lineno":822}
{"timestamp":"2025-12-01T11:44:48.251619Z","level":"info","event":"Running statement: \n    INSERT INTO inr_currency (date, currency_code, currency_name, rate, inverse_rate)\n    VALUES (%s, %s, %s, %s, %s)\n    , parameters: ('2025-11-30', 'SEK', 'Swedish Krona', 0.106, 9.433962264150944)","logger":"airflow.task.hooks.airflow.providers.postgres.hooks.postgres.PostgresHook","filename":"sql.py","lineno":810}
{"timestamp":"2025-12-01T11:44:48.255378Z","level":"info","event":"Rows affected: 1","logger":"airflow.task.hooks.airflow.providers.postgres.hooks.postgres.PostgresHook","filename":"sql.py","lineno":822}
{"timestamp":"2025-12-01T11:44:48.305706Z","level":"info","event":"Running statement: \n    INSERT INTO inr_currency (date, currency_code, currency_name, rate, inverse_rate)\n    VALUES (%s, %s, %s, %s, %s)\n    , parameters: ('2025-11-30', 'SGD', 'Singapore Dollar', 0.0145, 68.9655172413793)","logger":"airflow.task.hooks.airflow.providers.postgres.hooks.postgres.PostgresHook","filename":"sql.py","lineno":810}
{"timestamp":"2025-12-01T11:44:48.309120Z","level":"info","event":"Rows affected: 1","logger":"airflow.task.hooks.airflow.providers.postgres.hooks.postgres.PostgresHook","filename":"sql.py","lineno":822}
{"timestamp":"2025-12-01T11:44:48.468741Z","level":"info","event":"Running statement: \n    INSERT INTO inr_currency (date, currency_code, currency_name, rate, inverse_rate)\n    VALUES (%s, %s, %s, %s, %s)\n    , parameters: ('2025-11-30', 'THB', 'Thai Baht', 0.3598, 2.7793218454697053)","logger":"airflow.task.hooks.airflow.providers.postgres.hooks.postgres.PostgresHook","filename":"sql.py","lineno":810}
{"timestamp":"2025-12-01T11:44:48.471939Z","level":"info","event":"Rows affected: 1","logger":"airflow.task.hooks.airflow.providers.postgres.hooks.postgres.PostgresHook","filename":"sql.py","lineno":822}
{"timestamp":"2025-12-01T11:44:48.526756Z","level":"info","event":"Running statement: \n    INSERT INTO inr_currency (date, currency_code, currency_name, rate, inverse_rate)\n    VALUES (%s, %s, %s, %s, %s)\n    , parameters: ('2025-11-30', 'TRY', 'Turkish Lira', 0.4749, 2.105706464518846)","logger":"airflow.task.hooks.airflow.providers.postgres.hooks.postgres.PostgresHook","filename":"sql.py","lineno":810}
{"timestamp":"2025-12-01T11:44:48.530908Z","level":"info","event":"Rows affected: 1","logger":"airflow.task.hooks.airflow.providers.postgres.hooks.postgres.PostgresHook","filename":"sql.py","lineno":822}
{"timestamp":"2025-12-01T11:44:48.581510Z","level":"info","event":"Running statement: \n    INSERT INTO inr_currency (date, currency_code, currency_name, rate, inverse_rate)\n    VALUES (%s, %s, %s, %s, %s)\n    , parameters: ('2025-11-30', 'USD', 'United States Dollar', 0.0112, 89.28571428571429)","logger":"airflow.task.hooks.airflow.providers.postgres.hooks.postgres.PostgresHook","filename":"sql.py","lineno":810}
{"timestamp":"2025-12-01T11:44:48.584545Z","level":"info","event":"Rows affected: 1","logger":"airflow.task.hooks.airflow.providers.postgres.hooks.postgres.PostgresHook","filename":"sql.py","lineno":822}
{"timestamp":"2025-12-01T11:44:48.636396Z","level":"info","event":"Running statement: \n    INSERT INTO inr_currency (date, currency_code, currency_name, rate, inverse_rate)\n    VALUES (%s, %s, %s, %s, %s)\n    , parameters: ('2025-11-30', 'ZAR', 'South African Rand', 0.1913, 5.2273915316257185)","logger":"airflow.task.hooks.airflow.providers.postgres.hooks.postgres.PostgresHook","filename":"sql.py","lineno":810}
{"timestamp":"2025-12-01T11:44:48.640179Z","level":"info","event":"Rows affected: 1","logger":"airflow.task.hooks.airflow.providers.postgres.hooks.postgres.PostgresHook","filename":"sql.py","lineno":822}
{"timestamp":"2025-12-01T11:44:48.643309Z","level":"info","event":"Done. Returned value was: None","logger":"airflow.task.operators.airflow.providers.standard.operators.python.PythonOperator","filename":"python.py","lineno":215}
{"timestamp":"2025-12-01T11:44:48.666339Z","level":"info","event":"Task instance in success state","logger":"task.stdout"}
{"timestamp":"2025-12-01T11:44:48.667005Z","level":"info","event":" Previous state of the Task instance: TaskInstanceState.RUNNING","logger":"task.stdout"}
{"timestamp":"2025-12-01T11:44:48.667474Z","level":"info","event":"Task operator:<Task(PythonOperator): insert_currency_data>","logger":"task.stdout"}
